Archive member included to satisfy reference by file (symbol)

/usr/lib/gcc/arm-none-eabi/11.2.0/thumb/v6-m/nofp/libgcc.a(_dvmd_tls.o)
                              CMakeFiles/Assignment_2.dir/home/tim/SDKs/pico-sdk/src/rp2_common/pico_divider/divider.S.obj (__aeabi_idiv0)
/usr/lib/gcc/arm-none-eabi/11.2.0/../../../../arm-none-eabi/lib/thumb/v6-m/nofp/libg.a(lib_a-atexit.o)
                              /usr/lib/gcc/arm-none-eabi/11.2.0/../../../../arm-none-eabi/lib/thumb/v6-m/nofp/crt0.o (atexit)
/usr/lib/gcc/arm-none-eabi/11.2.0/../../../../arm-none-eabi/lib/thumb/v6-m/nofp/libg.a(lib_a-calloc.o)
                              CMakeFiles/Assignment_2.dir/home/tim/SDKs/pico-sdk/src/rp2_common/pico_malloc/pico_malloc.c.obj (calloc)
/usr/lib/gcc/arm-none-eabi/11.2.0/../../../../arm-none-eabi/lib/thumb/v6-m/nofp/libg.a(lib_a-callocr.o)
                              /usr/lib/gcc/arm-none-eabi/11.2.0/../../../../arm-none-eabi/lib/thumb/v6-m/nofp/libg.a(lib_a-calloc.o) (_calloc_r)
/usr/lib/gcc/arm-none-eabi/11.2.0/../../../../arm-none-eabi/lib/thumb/v6-m/nofp/libg.a(lib_a-ctype_.o)
                              CMakeFiles/Assignment_2.dir/home/tim/SDKs/pico-sdk/lib/tinyusb/src/tusb.c.obj (_ctype_)
/usr/lib/gcc/arm-none-eabi/11.2.0/../../../../arm-none-eabi/lib/thumb/v6-m/nofp/libg.a(lib_a-errno.o)
                              /usr/lib/gcc/arm-none-eabi/11.2.0/../../../../arm-none-eabi/lib/thumb/v6-m/nofp/libg.a(lib_a-callocr.o) (__errno)
/usr/lib/gcc/arm-none-eabi/11.2.0/../../../../arm-none-eabi/lib/thumb/v6-m/nofp/libg.a(lib_a-fini.o)
                              /usr/lib/gcc/arm-none-eabi/11.2.0/../../../../arm-none-eabi/lib/thumb/v6-m/nofp/crt0.o (__libc_fini_array)
/usr/lib/gcc/arm-none-eabi/11.2.0/../../../../arm-none-eabi/lib/thumb/v6-m/nofp/libg.a(lib_a-impure.o)
                              /usr/lib/gcc/arm-none-eabi/11.2.0/../../../../arm-none-eabi/lib/thumb/v6-m/nofp/libg.a(lib_a-calloc.o) (_impure_ptr)
/usr/lib/gcc/arm-none-eabi/11.2.0/../../../../arm-none-eabi/lib/thumb/v6-m/nofp/libg.a(lib_a-init.o)
                              /usr/lib/gcc/arm-none-eabi/11.2.0/../../../../arm-none-eabi/lib/thumb/v6-m/nofp/crt0.o (__libc_init_array)
/usr/lib/gcc/arm-none-eabi/11.2.0/../../../../arm-none-eabi/lib/thumb/v6-m/nofp/libg.a(lib_a-malloc.o)
                              CMakeFiles/Assignment_2.dir/home/tim/SDKs/pico-sdk/src/rp2_common/pico_malloc/pico_malloc.c.obj (malloc)
/usr/lib/gcc/arm-none-eabi/11.2.0/../../../../arm-none-eabi/lib/thumb/v6-m/nofp/libg.a(lib_a-mallocr.o)
                              /usr/lib/gcc/arm-none-eabi/11.2.0/../../../../arm-none-eabi/lib/thumb/v6-m/nofp/libg.a(lib_a-callocr.o) (_malloc_r)
/usr/lib/gcc/arm-none-eabi/11.2.0/../../../../arm-none-eabi/lib/thumb/v6-m/nofp/libg.a(lib_a-mlock.o)
                              /usr/lib/gcc/arm-none-eabi/11.2.0/../../../../arm-none-eabi/lib/thumb/v6-m/nofp/libg.a(lib_a-mallocr.o) (__malloc_lock)
/usr/lib/gcc/arm-none-eabi/11.2.0/../../../../arm-none-eabi/lib/thumb/v6-m/nofp/libg.a(lib_a-sbrkr.o)
                              /usr/lib/gcc/arm-none-eabi/11.2.0/../../../../arm-none-eabi/lib/thumb/v6-m/nofp/libg.a(lib_a-mallocr.o) (_sbrk_r)
/usr/lib/gcc/arm-none-eabi/11.2.0/../../../../arm-none-eabi/lib/thumb/v6-m/nofp/libg.a(lib_a-strlen-stub.o)
                              CMakeFiles/Assignment_2.dir/home/tim/SDKs/pico-sdk/src/rp2_common/pico_stdio/stdio.c.obj (strlen)
/usr/lib/gcc/arm-none-eabi/11.2.0/../../../../arm-none-eabi/lib/thumb/v6-m/nofp/libg.a(lib_a-__atexit.o)
                              /usr/lib/gcc/arm-none-eabi/11.2.0/../../../../arm-none-eabi/lib/thumb/v6-m/nofp/libg.a(lib_a-atexit.o) (__register_exitproc)
/usr/lib/gcc/arm-none-eabi/11.2.0/../../../../arm-none-eabi/lib/thumb/v6-m/nofp/libg.a(lib_a-__call_atexit.o)
                              /usr/lib/gcc/arm-none-eabi/11.2.0/../../../../arm-none-eabi/lib/thumb/v6-m/nofp/libg.a(lib_a-__atexit.o) (__atexit_recursive_mutex)
/usr/lib/gcc/arm-none-eabi/11.2.0/../../../../arm-none-eabi/lib/thumb/v6-m/nofp/libg.a(lib_a-freer.o)
                              /usr/lib/gcc/arm-none-eabi/11.2.0/../../../../arm-none-eabi/lib/thumb/v6-m/nofp/libg.a(lib_a-malloc.o) (_free_r)
/usr/lib/gcc/arm-none-eabi/11.2.0/../../../../arm-none-eabi/lib/thumb/v6-m/nofp/libg.a(lib_a-lock.o)
                              /usr/lib/gcc/arm-none-eabi/11.2.0/../../../../arm-none-eabi/lib/thumb/v6-m/nofp/libg.a(lib_a-mlock.o) (__retarget_lock_acquire_recursive)
/usr/lib/gcc/arm-none-eabi/11.2.0/../../../../arm-none-eabi/lib/thumb/v6-m/nofp/libg.a(lib_a-reent.o)
                              /usr/lib/gcc/arm-none-eabi/11.2.0/../../../../arm-none-eabi/lib/thumb/v6-m/nofp/libg.a(lib_a-sbrkr.o) (errno)

Discarded input sections

 .text          0x0000000000000000        0x0 /usr/lib/gcc/arm-none-eabi/11.2.0/thumb/v6-m/nofp/crti.o
 .data          0x0000000000000000        0x0 /usr/lib/gcc/arm-none-eabi/11.2.0/thumb/v6-m/nofp/crti.o
[...]
Memory Configuration

Name             Origin             Length             Attributes
FLASH            0x0000000010000000 0x0000000000200000 xr
RAM              0x0000000020000000 0x0000000000040000 xrw
SCRATCH_X        0x0000000020040000 0x0000000000001000 xrw
SCRATCH_Y        0x0000000020041000 0x0000000000001000 xrw
*default*        0x0000000000000000 0xffffffffffffffff

Linker script and memory map

LOAD /usr/lib/gcc/arm-none-eabi/11.2.0/thumb/v6-m/nofp/crti.o
LOAD /usr/lib/gcc/arm-none-eabi/11.2.0/thumb/v6-m/nofp/crtbegin.o
LOAD /usr/lib/gcc/arm-none-eabi/11.2.0/../../../../arm-none-eabi/lib/thumb/v6-m/nofp/crt0.o

.flash_begin    0x0000000010000000        0x0
                0x0000000010000000                __flash_binary_start = .

.boot2          0x0000000010000000      0x100
                0x0000000010000000                __boot2_start__ = .
 *(.boot2)
 .boot2         0x0000000010000000      0x100 /tmp/ccFe1Des.o
                0x0000000010000100                __boot2_end__ = .
                0x0000000000000001                ASSERT (((__boot2_end__ - __boot2_start__) == 0x100), ERROR: Pico second stage bootloader must be 256 bytes in size)

.text           0x0000000010000100     0x7f28
                0x0000000010000100                __logical_binary_start = .
 *(.vectors)
 .vectors       0x0000000010000100       0xd4 CMakeFiles/Assignment_2.dir/home/tim/SDKs/pico-sdk/src/rp2_common/pico_standard_link/crt0.S.obj
                0x0000000010000100                __vectors
                0x0000000010000100                __VECTOR_TABLE
                0x00000000100001c0                isr_invalid
                0x00000000100001c0                __default_isrs_start
                0x00000000100001c2                isr_nmi
                0x00000000100001c4                isr_hardfault
                0x00000000100001c6                isr_svcall
                0x00000000100001c8                isr_pendsv
                0x00000000100001ca                isr_systick
                0x00000000100001cc                isr_irq30
                0x00000000100001cc                __unhandled_user_irq
                0x00000000100001cc                isr_irq13
                0x00000000100001cc                isr_irq27
                0x00000000100001cc                isr_irq31
                0x00000000100001cc                isr_irq5
                0x00000000100001cc                isr_irq11
                0x00000000100001cc                isr_irq23
                0x00000000100001cc                isr_irq18
                0x00000000100001cc                isr_irq28
                0x00000000100001cc                isr_irq19
                0x00000000100001cc                isr_irq0
                0x00000000100001cc                isr_irq6
                0x00000000100001cc                isr_irq22
                0x00000000100001cc                isr_irq17
                0x00000000100001cc                isr_irq14
                0x00000000100001cc                isr_irq2
                0x00000000100001cc                isr_irq10
                0x00000000100001cc                isr_irq8
                0x00000000100001cc                isr_irq24
                0x00000000100001cc                isr_irq1
                0x00000000100001cc                isr_irq7
                0x00000000100001cc                isr_irq21
                0x00000000100001cc                isr_irq20
                0x00000000100001cc                isr_irq15
                0x00000000100001cc                isr_irq25
                0x00000000100001cc                isr_irq4
                0x00000000100001cc                isr_irq16
                0x00000000100001cc                isr_irq29
                0x00000000100001cc                isr_irq26
                0x00000000100001cc                __default_isrs_end
                0x00000000100001cc                isr_irq3
                0x00000000100001cc                isr_irq12
                0x00000000100001cc                isr_irq9
                0x00000000100001d2                unhandled_user_irq_num_in_r0
 *(.binary_info_header)
 .binary_info_header
                0x00000000100001d4       0x14 CMakeFiles/Assignment_2.dir/home/tim/SDKs/pico-sdk/src/rp2_common/pico_standard_link/crt0.S.obj
                0x00000000100001e8                __binary_info_header_end = .
 *(.reset)
 .reset         0x00000000100001e8       0xa8 CMakeFiles/Assignment_2.dir/home/tim/SDKs/pico-sdk/src/rp2_common/pico_standard_link/crt0.S.obj
                0x00000000100001e8                _entry_point
                0x0000000010000266                __get_current_exception
 .reset         0x0000000010000290       0x30 CMakeFiles/Assignment_2.dir/home/tim/SDKs/pico-sdk/src/rp2_common/pico_standard_link/binary_info.c.obj
 *(.init)
 .init          0x00000000100002c0        0x4 /usr/lib/gcc/arm-none-eabi/11.2.0/thumb/v6-m/nofp/crti.o
                0x00000000100002c0                _init
 *(EXCLUDE_FILE(*libm.a: *libc.a:*lib_a-mem*.o *libgcc.a:) .text*)
 .text.frame_dummy
                0x00000000100002c4       0x20 /usr/lib/gcc/arm-none-eabi/11.2.0/thumb/v6-m/nofp/crtbegin.o
 .text.main     0x00000000100002e4       0x7c CMakeFiles/Assignment_2.dir/main.c.obj
                0x00000000100002e4                main
 .text.pico_uart_init
                0x0000000010000360       0x64 CMakeFiles/Assignment_2.dir/pico.c.obj
                0x0000000010000360                pico_uart_init
 .text.pico_gpio_init
                0x00000000100003c4       0x2c CMakeFiles/Assignment_2.dir/pico.c.obj
                0x00000000100003c4                pico_gpio_init
 .text.pcio_uart_deinit
                0x00000000100003f0       0x1c CMakeFiles/Assignment_2.dir/pico.c.obj
                0x00000000100003f0                pcio_uart_deinit
 .text.first_option
                0x000000001000040c       0x20 CMakeFiles/Assignment_2.dir/menu.c.obj
                0x000000001000040c                first_option
 .text.second_option
                0x000000001000042c       0x10 CMakeFiles/Assignment_2.dir/menu.c.obj
                0x000000001000042c                second_option
 .text.update_selection
                0x000000001000043c       0xa0 CMakeFiles/Assignment_2.dir/menu.c.obj
                0x000000001000043c                update_selection
 .text.create_menu
                0x00000000100004dc       0x3c CMakeFiles/Assignment_2.dir/menu.c.obj
                0x00000000100004dc                create_menu
 .text.generate_menus
                0x0000000010000518       0x8c CMakeFiles/Assignment_2.dir/menu.c.obj
                0x0000000010000518                generate_menus
 .text.release_menus
                0x00000000100005a4       0x2c CMakeFiles/Assignment_2.dir/menu.c.obj
                0x00000000100005a4                release_menus
 .text.write_debug
                0x00000000100005d0       0x50 CMakeFiles/Assignment_2.dir/menu.c.obj
                0x00000000100005d0                write_debug
 .text.draw_menu
                0x0000000010000620       0xfc CMakeFiles/Assignment_2.dir/menu.c.obj
                0x0000000010000620                draw_menu
 .text.go_to_menu
                0x000000001000071c       0x44 CMakeFiles/Assignment_2.dir/menu.c.obj
                0x000000001000071c                go_to_menu
 .text.uart_irq_handler
                0x0000000010000760       0xe4 CMakeFiles/Assignment_2.dir/menu.c.obj
                0x0000000010000760                uart_irq_handler
 .text.go_to_second_menu
                0x0000000010000844       0x10 CMakeFiles/Assignment_2.dir/menu.c.obj
                0x0000000010000844                go_to_second_menu
 .text.gpio_set_function
                0x0000000010000854       0x30 CMakeFiles/Assignment_2.dir/home/tim/SDKs/pico-sdk/src/rp2_common/hardware_gpio/gpio.c.obj
                0x0000000010000854                gpio_set_function
 .text.gpio_init
                0x0000000010000884       0x16 CMakeFiles/Assignment_2.dir/home/tim/SDKs/pico-sdk/src/rp2_common/hardware_gpio/gpio.c.obj
                0x0000000010000884                gpio_init
 .text.gpio_init_mask
                0x000000001000089a       0x1e CMakeFiles/Assignment_2.dir/home/tim/SDKs/pico-sdk/src/rp2_common/hardware_gpio/gpio.c.obj
                0x000000001000089a                gpio_init_mask
 .text.hw_claim_lock
                0x00000000100008b8       0x18 CMakeFiles/Assignment_2.dir/home/tim/SDKs/pico-sdk/src/rp2_common/hardware_claim/claim.c.obj
                0x00000000100008b8                hw_claim_lock
 .text.hw_claim_unlock
                0x00000000100008d0       0x14 CMakeFiles/Assignment_2.dir/home/tim/SDKs/pico-sdk/src/rp2_common/hardware_claim/claim.c.obj
                0x00000000100008d0                hw_claim_unlock
 .text.hw_claim_or_assert
                0x00000000100008e4       0x32 CMakeFiles/Assignment_2.dir/home/tim/SDKs/pico-sdk/src/rp2_common/hardware_claim/claim.c.obj
                0x00000000100008e4                hw_claim_or_assert
 .text.hw_claim_unused_from_range
                0x0000000010000916       0x50 CMakeFiles/Assignment_2.dir/home/tim/SDKs/pico-sdk/src/rp2_common/hardware_claim/claim.c.obj
                0x0000000010000916                hw_claim_unused_from_range
 *fill*         0x0000000010000966        0x2 
 .text.running_on_fpga
                0x0000000010000968       0x14 CMakeFiles/Assignment_2.dir/home/tim/SDKs/pico-sdk/src/rp2_common/pico_platform/platform.c.obj
                0x0000000010000968                running_on_fpga
 .text.spin_locks_reset
                0x000000001000097c       0x20 CMakeFiles/Assignment_2.dir/home/tim/SDKs/pico-sdk/src/rp2_common/hardware_sync/sync.c.obj
                0x000000001000097c                spin_locks_reset
 .text.next_striped_spin_lock_num
                0x000000001000099c       0x1c CMakeFiles/Assignment_2.dir/home/tim/SDKs/pico-sdk/src/rp2_common/hardware_sync/sync.c.obj
                0x000000001000099c                next_striped_spin_lock_num
 .text.spin_lock_claim_unused
                0x00000000100009b8       0x24 CMakeFiles/Assignment_2.dir/home/tim/SDKs/pico-sdk/src/rp2_common/hardware_sync/sync.c.obj
                0x00000000100009b8                spin_lock_claim_unused
 .text.uart_deinit
                0x00000000100009dc       0x20 CMakeFiles/Assignment_2.dir/home/tim/SDKs/pico-sdk/src/rp2_common/hardware_uart/uart.c.obj
                0x00000000100009dc                uart_deinit
 .text.uart_set_baudrate
                0x00000000100009fc       0x5c CMakeFiles/Assignment_2.dir/home/tim/SDKs/pico-sdk/src/rp2_common/hardware_uart/uart.c.obj
                0x00000000100009fc                uart_set_baudrate
 .text.uart_set_translate_crlf
                0x0000000010000a58       0x28 CMakeFiles/Assignment_2.dir/home/tim/SDKs/pico-sdk/src/rp2_common/hardware_uart/uart.c.obj
                0x0000000010000a58                uart_set_translate_crlf
 .text.uart_init
                0x0000000010000a80       0x80 CMakeFiles/Assignment_2.dir/home/tim/SDKs/pico-sdk/src/rp2_common/hardware_uart/uart.c.obj
                0x0000000010000a80                uart_init
 .text.alarm_pool_post_alloc_init
                0x0000000010000b00       0x40 CMakeFiles/Assignment_2.dir/home/tim/SDKs/pico-sdk/src/common/pico_time/time.c.obj
 .text.sleep_until_callback
                0x0000000010000b40       0x30 CMakeFiles/Assignment_2.dir/home/tim/SDKs/pico-sdk/src/common/pico_time/time.c.obj
 .text.timer_pool_entry_comparator
                0x0000000010000b70       0x78 CMakeFiles/Assignment_2.dir/home/tim/SDKs/pico-sdk/src/common/pico_time/time.c.obj
                0x0000000010000b70                timer_pool_entry_comparator
 .text.ph_add_child_node
                0x0000000010000be8       0xa0 CMakeFiles/Assignment_2.dir/home/tim/SDKs/pico-sdk/src/common/pico_time/time.c.obj
 .text.ph_merge_nodes
                0x0000000010000c88       0x3e CMakeFiles/Assignment_2.dir/home/tim/SDKs/pico-sdk/src/common/pico_time/time.c.obj
 *fill*         0x0000000010000cc6        0x2 
 .text.add_alarm_under_lock
                0x0000000010000cc8      0x16c CMakeFiles/Assignment_2.dir/home/tim/SDKs/pico-sdk/src/common/pico_time/time.c.obj
 .text.alarm_pool_alarm_callback
                0x0000000010000e34      0x328 CMakeFiles/Assignment_2.dir/home/tim/SDKs/pico-sdk/src/common/pico_time/time.c.obj
 .text.alarm_pool_init_default
                0x000000001000115c       0x38 CMakeFiles/Assignment_2.dir/home/tim/SDKs/pico-sdk/src/common/pico_time/time.c.obj
                0x000000001000115c                alarm_pool_init_default
 .text.alarm_pool_get_default
                0x0000000010001194       0x2c CMakeFiles/Assignment_2.dir/home/tim/SDKs/pico-sdk/src/common/pico_time/time.c.obj
                0x0000000010001194                alarm_pool_get_default
 .text.alarm_pool_add_alarm_at
                0x00000000100011c0      0x178 CMakeFiles/Assignment_2.dir/home/tim/SDKs/pico-sdk/src/common/pico_time/time.c.obj
                0x00000000100011c0                alarm_pool_add_alarm_at
 .text.alarm_pool_cancel_alarm
                0x0000000010001338       0xec CMakeFiles/Assignment_2.dir/home/tim/SDKs/pico-sdk/src/common/pico_time/time.c.obj
                0x0000000010001338                alarm_pool_cancel_alarm
 .text.best_effort_wfe_or_timeout
                0x0000000010001424       0x80 CMakeFiles/Assignment_2.dir/home/tim/SDKs/pico-sdk/src/common/pico_time/time.c.obj
                0x0000000010001424                best_effort_wfe_or_timeout
 .text.hardware_alarm_irq_handler
                0x00000000100014a4       0x88 CMakeFiles/Assignment_2.dir/home/tim/SDKs/pico-sdk/src/rp2_common/hardware_timer/timer.c.obj
 .text.hardware_alarm_claim
                0x000000001000152c       0x18 CMakeFiles/Assignment_2.dir/home/tim/SDKs/pico-sdk/src/rp2_common/hardware_timer/timer.c.obj
                0x000000001000152c                hardware_alarm_claim
 .text.time_us_64
                0x0000000010001544       0x18 CMakeFiles/Assignment_2.dir/home/tim/SDKs/pico-sdk/src/rp2_common/hardware_timer/timer.c.obj
                0x0000000010001544                time_us_64
 .text.hardware_alarm_set_callback
                0x000000001000155c       0x90 CMakeFiles/Assignment_2.dir/home/tim/SDKs/pico-sdk/src/rp2_common/hardware_timer/timer.c.obj
                0x000000001000155c                hardware_alarm_set_callback
 .text.hardware_alarm_set_target
                0x00000000100015ec       0xe8 CMakeFiles/Assignment_2.dir/home/tim/SDKs/pico-sdk/src/rp2_common/hardware_timer/timer.c.obj
                0x00000000100015ec                hardware_alarm_set_target
 .text.hardware_alarm_cancel
                0x00000000100016d4       0x40 CMakeFiles/Assignment_2.dir/home/tim/SDKs/pico-sdk/src/rp2_common/hardware_timer/timer.c.obj
                0x00000000100016d4                hardware_alarm_cancel
 .text.lock_init
                0x0000000010001714       0x10 CMakeFiles/Assignment_2.dir/home/tim/SDKs/pico-sdk/src/common/pico_sync/lock_core.c.obj
                0x0000000010001714                lock_init
 .text.mutex_init_internal
                0x0000000010001724       0x1e CMakeFiles/Assignment_2.dir/home/tim/SDKs/pico-sdk/src/common/pico_sync/mutex.c.obj
 .text.mutex_init
                0x0000000010001742        0xa CMakeFiles/Assignment_2.dir/home/tim/SDKs/pico-sdk/src/common/pico_sync/mutex.c.obj
                0x0000000010001742                mutex_init
 .text.recursive_mutex_init
                0x000000001000174c        0xa CMakeFiles/Assignment_2.dir/home/tim/SDKs/pico-sdk/src/common/pico_sync/mutex.c.obj
                0x000000001000174c                recursive_mutex_init
 *fill*         0x0000000010001756        0x2 
 .text.critical_section_init_with_lock_num
                0x0000000010001758       0x14 CMakeFiles/Assignment_2.dir/home/tim/SDKs/pico-sdk/src/common/pico_sync/critical_section.c.obj
                0x0000000010001758                critical_section_init_with_lock_num
 .text.critical_section_init
                0x000000001000176c       0x14 CMakeFiles/Assignment_2.dir/home/tim/SDKs/pico-sdk/src/common/pico_sync/critical_section.c.obj
                0x000000001000176c                critical_section_init
 .text.ph_add_child_node
                0x0000000010001780       0xa0 CMakeFiles/Assignment_2.dir/home/tim/SDKs/pico-sdk/src/common/pico_util/pheap.c.obj
 .text.ph_merge_nodes
                0x0000000010001820       0x3e CMakeFiles/Assignment_2.dir/home/tim/SDKs/pico-sdk/src/common/pico_util/pheap.c.obj
 *fill*         0x000000001000185e        0x2 
 .text.ph_clear
                0x0000000010001860       0x70 CMakeFiles/Assignment_2.dir/home/tim/SDKs/pico-sdk/src/common/pico_util/pheap.c.obj
                0x0000000010001860                ph_clear
 .text.ph_post_alloc_init
                0x00000000100018d0        0xe CMakeFiles/Assignment_2.dir/home/tim/SDKs/pico-sdk/src/common/pico_util/pheap.c.obj
                0x00000000100018d0                ph_post_alloc_init
 *fill*         0x00000000100018de        0x2 
 .text.ph_merge_two_pass
                0x00000000100018e0       0xa4 CMakeFiles/Assignment_2.dir/home/tim/SDKs/pico-sdk/src/common/pico_util/pheap.c.obj
                0x00000000100018e0                ph_merge_two_pass
 .text.ph_remove_any_head
                0x0000000010001984      0x104 CMakeFiles/Assignment_2.dir/home/tim/SDKs/pico-sdk/src/common/pico_util/pheap.c.obj
 .text.ph_remove_head
                0x0000000010001a88       0x14 CMakeFiles/Assignment_2.dir/home/tim/SDKs/pico-sdk/src/common/pico_util/pheap.c.obj
                0x0000000010001a88                ph_remove_head
 .text.ph_remove_and_free_node
                0x0000000010001a9c       0xf8 CMakeFiles/Assignment_2.dir/home/tim/SDKs/pico-sdk/src/common/pico_util/pheap.c.obj
                0x0000000010001a9c                ph_remove_and_free_node
 .text.runtime_init
                0x0000000010001b94       0xd8 CMakeFiles/Assignment_2.dir/home/tim/SDKs/pico-sdk/src/rp2_common/pico_runtime/runtime.c.obj
                0x0000000010001b94                runtime_init
 .text._exit    0x0000000010001c6c        0x4 CMakeFiles/Assignment_2.dir/home/tim/SDKs/pico-sdk/src/rp2_common/pico_runtime/runtime.c.obj
                0x0000000010001c6c                _exit
 .text._sbrk    0x0000000010001c70       0x38 CMakeFiles/Assignment_2.dir/home/tim/SDKs/pico-sdk/src/rp2_common/pico_runtime/runtime.c.obj
                0x0000000010001c70                _sbrk
 .text.exit     0x0000000010001ca8        0x6 CMakeFiles/Assignment_2.dir/home/tim/SDKs/pico-sdk/src/rp2_common/pico_runtime/runtime.c.obj
                0x0000000010001ca8                exit
 *fill*         0x0000000010001cae        0x2 
 .text.__assert_func
                0x0000000010001cb0       0x3c CMakeFiles/Assignment_2.dir/home/tim/SDKs/pico-sdk/src/rp2_common/pico_runtime/runtime.c.obj
                0x0000000010001cb0                __assert_func
 .text.panic    0x0000000010001cec       0x30 CMakeFiles/Assignment_2.dir/home/tim/SDKs/pico-sdk/src/rp2_common/pico_runtime/runtime.c.obj
                0x0000000010001cec                panic
 .text.clock_configure
                0x0000000010001d1c      0x104 CMakeFiles/Assignment_2.dir/home/tim/SDKs/pico-sdk/src/rp2_common/hardware_clocks/clocks.c.obj
                0x0000000010001d1c                clock_configure
 .text.clocks_init
                0x0000000010001e20      0x100 CMakeFiles/Assignment_2.dir/home/tim/SDKs/pico-sdk/src/rp2_common/hardware_clocks/clocks.c.obj
                0x0000000010001e20                clocks_init
 .text.clock_get_hz
                0x0000000010001f20        0xc CMakeFiles/Assignment_2.dir/home/tim/SDKs/pico-sdk/src/rp2_common/hardware_clocks/clocks.c.obj
                0x0000000010001f20                clock_get_hz
 .text.set_raw_irq_handler_and_unlock
                0x0000000010001f2c       0x28 CMakeFiles/Assignment_2.dir/home/tim/SDKs/pico-sdk/src/rp2_common/hardware_irq/irq.c.obj
 .text.make_branch
                0x0000000010001f54       0x34 CMakeFiles/Assignment_2.dir/home/tim/SDKs/pico-sdk/src/rp2_common/hardware_irq/irq.c.obj
 .text.insert_branch_and_link
                0x0000000010001f88       0x40 CMakeFiles/Assignment_2.dir/home/tim/SDKs/pico-sdk/src/rp2_common/hardware_irq/irq.c.obj
 .text.irq_is_enabled
                0x0000000010001fc8       0x18 CMakeFiles/Assignment_2.dir/home/tim/SDKs/pico-sdk/src/rp2_common/hardware_irq/irq.c.obj
                0x0000000010001fc8                irq_is_enabled
 .text.irq_set_mask_enabled
                0x0000000010001fe0       0x20 CMakeFiles/Assignment_2.dir/home/tim/SDKs/pico-sdk/src/rp2_common/hardware_irq/irq.c.obj
                0x0000000010001fe0                irq_set_mask_enabled
 .text.irq_set_enabled
                0x0000000010002000        0xe CMakeFiles/Assignment_2.dir/home/tim/SDKs/pico-sdk/src/rp2_common/hardware_irq/irq.c.obj
                0x0000000010002000                irq_set_enabled
 *fill*         0x000000001000200e        0x2 
 .text.irq_set_pending
                0x0000000010002010       0x10 CMakeFiles/Assignment_2.dir/home/tim/SDKs/pico-sdk/src/rp2_common/hardware_irq/irq.c.obj
                0x0000000010002010                irq_set_pending
 .text.irq_get_vtable_handler
                0x0000000010002020       0x10 CMakeFiles/Assignment_2.dir/home/tim/SDKs/pico-sdk/src/rp2_common/hardware_irq/irq.c.obj
                0x0000000010002020                irq_get_vtable_handler
 .text.irq_set_exclusive_handler
                0x0000000010002030       0x54 CMakeFiles/Assignment_2.dir/home/tim/SDKs/pico-sdk/src/rp2_common/hardware_irq/irq.c.obj
                0x0000000010002030                irq_set_exclusive_handler
 .text.irq_remove_handler
                0x0000000010002084      0x1ac CMakeFiles/Assignment_2.dir/home/tim/SDKs/pico-sdk/src/rp2_common/hardware_irq/irq.c.obj
                0x0000000010002084                irq_remove_handler
 .text.irq_set_priority
                0x0000000010002230       0x28 CMakeFiles/Assignment_2.dir/home/tim/SDKs/pico-sdk/src/rp2_common/hardware_irq/irq.c.obj
                0x0000000010002230                irq_set_priority
 .text.irq_add_tail_to_free_list
                0x0000000010002258       0xf0 CMakeFiles/Assignment_2.dir/home/tim/SDKs/pico-sdk/src/rp2_common/hardware_irq/irq.c.obj
                0x0000000010002258                irq_add_tail_to_free_list
 .text.irq_init_priorities
                0x0000000010002348       0x16 CMakeFiles/Assignment_2.dir/home/tim/SDKs/pico-sdk/src/rp2_common/hardware_irq/irq.c.obj
                0x0000000010002348                irq_init_priorities
 *fill*         0x000000001000235e        0x2 
 .text.pll_init
                0x0000000010002360      0x118 CMakeFiles/Assignment_2.dir/home/tim/SDKs/pico-sdk/src/rp2_common/hardware_pll/pll.c.obj
                0x0000000010002360                pll_init
 .text.watchdog_start_tick
                0x0000000010002478       0x10 CMakeFiles/Assignment_2.dir/home/tim/SDKs/pico-sdk/src/rp2_common/hardware_watchdog/watchdog.c.obj
                0x0000000010002478                watchdog_start_tick
 .text.watchdog_update
                0x0000000010002488       0x14 CMakeFiles/Assignment_2.dir/home/tim/SDKs/pico-sdk/src/rp2_common/hardware_watchdog/watchdog.c.obj
                0x0000000010002488                watchdog_update
 .text._watchdog_enable
                0x000000001000249c       0x70 CMakeFiles/Assignment_2.dir/home/tim/SDKs/pico-sdk/src/rp2_common/hardware_watchdog/watchdog.c.obj
                0x000000001000249c                _watchdog_enable
 .text.watchdog_reboot
                0x000000001000250c       0x48 CMakeFiles/Assignment_2.dir/home/tim/SDKs/pico-sdk/src/rp2_common/hardware_watchdog/watchdog.c.obj
                0x000000001000250c                watchdog_reboot
 .text.xosc_init
                0x0000000010002554       0x28 CMakeFiles/Assignment_2.dir/home/tim/SDKs/pico-sdk/src/rp2_common/hardware_xosc/xosc.c.obj
                0x0000000010002554                xosc_init
 .text._out_null
                0x000000001000257c        0x2 CMakeFiles/Assignment_2.dir/home/tim/SDKs/pico-sdk/src/rp2_common/pico_printf/printf.c.obj
 .text._out_fct
                0x000000001000257e        0xe CMakeFiles/Assignment_2.dir/home/tim/SDKs/pico-sdk/src/rp2_common/pico_printf/printf.c.obj
 .text._atoi    0x000000001000258c       0x24 CMakeFiles/Assignment_2.dir/home/tim/SDKs/pico-sdk/src/rp2_common/pico_printf/printf.c.obj
 .text._out_rev
                0x00000000100025b0       0xae CMakeFiles/Assignment_2.dir/home/tim/SDKs/pico-sdk/src/rp2_common/pico_printf/printf.c.obj
 .text._ntoa_format
                0x000000001000265e      0x112 CMakeFiles/Assignment_2.dir/home/tim/SDKs/pico-sdk/src/rp2_common/pico_printf/printf.c.obj
 .text._ntoa_long
                0x0000000010002770       0xbc CMakeFiles/Assignment_2.dir/home/tim/SDKs/pico-sdk/src/rp2_common/pico_printf/printf.c.obj
 .text._ntoa_long_long
                0x000000001000282c       0xe2 CMakeFiles/Assignment_2.dir/home/tim/SDKs/pico-sdk/src/rp2_common/pico_printf/printf.c.obj
 *fill*         0x000000001000290e        0x2 
 .text._etoa    0x0000000010002910      0x414 CMakeFiles/Assignment_2.dir/home/tim/SDKs/pico-sdk/src/rp2_common/pico_printf/printf.c.obj
 .text._ftoa    0x0000000010002d24      0x354 CMakeFiles/Assignment_2.dir/home/tim/SDKs/pico-sdk/src/rp2_common/pico_printf/printf.c.obj
 .text._vsnprintf
                0x0000000010003078      0x650 CMakeFiles/Assignment_2.dir/home/tim/SDKs/pico-sdk/src/rp2_common/pico_printf/printf.c.obj
 .text.vfctprintf
                0x00000000100036c8       0x20 CMakeFiles/Assignment_2.dir/home/tim/SDKs/pico-sdk/src/rp2_common/pico_printf/printf.c.obj
                0x00000000100036c8                vfctprintf
 .text          0x00000000100036e8       0x10 CMakeFiles/Assignment_2.dir/home/tim/SDKs/pico-sdk/src/rp2_common/pico_bit_ops/bit_ops_aeabi.S.obj
 .text.rom_func_lookup
                0x00000000100036f8       0x10 CMakeFiles/Assignment_2.dir/home/tim/SDKs/pico-sdk/src/rp2_common/pico_bootrom/bootrom.c.obj
                0x00000000100036f8                rom_func_lookup
 .text.rom_data_lookup
                0x0000000010003708       0x10 CMakeFiles/Assignment_2.dir/home/tim/SDKs/pico-sdk/src/rp2_common/pico_bootrom/bootrom.c.obj
                0x0000000010003708                rom_data_lookup
 .text.rom_funcs_lookup
                0x0000000010003718       0x36 CMakeFiles/Assignment_2.dir/home/tim/SDKs/pico-sdk/src/rp2_common/pico_bootrom/bootrom.c.obj
                0x0000000010003718                rom_funcs_lookup
 *fill*         0x000000001000374e        0x2 
 .text.__wrap___aeabi_idiv
                0x0000000010003750       0x50 CMakeFiles/Assignment_2.dir/home/tim/SDKs/pico-sdk/src/rp2_common/pico_divider/divider.S.obj
                0x0000000010003750                __wrap___aeabi_idivmod
                0x0000000010003750                divmod_s32s32
                0x0000000010003750                div_s32s32
                0x0000000010003750                __wrap___aeabi_idiv
                0x0000000010003758                divmod_s32s32_unsafe
                0x0000000010003784                divmod_s32s32_savestate
 .text.__wrap___aeabi_uidiv
                0x00000000100037a0       0x4c CMakeFiles/Assignment_2.dir/home/tim/SDKs/pico-sdk/src/rp2_common/pico_divider/divider.S.obj
                0x00000000100037a0                __wrap___aeabi_uidiv
                0x00000000100037a0                __wrap___aeabi_uidivmod
                0x00000000100037a0                div_u32u32
                0x00000000100037a0                divmod_u32u32
                0x00000000100037a8                divmod_u32u32_unsafe
                0x00000000100037d0                divmod_u32u32_savestate
 .text.__wrap___aeabi_ldiv
                0x00000000100037ec      0x430 CMakeFiles/Assignment_2.dir/home/tim/SDKs/pico-sdk/src/rp2_common/pico_divider/divider.S.obj
                0x00000000100037ec                div_s64s64
                0x00000000100037ec                divmod_s64s64
                0x00000000100037ec                __wrap___aeabi_ldivmod
                0x0000000010003824                div_u64u64
                0x0000000010003824                divmod_u64u64
                0x0000000010003824                __wrap___aeabi_uldivmod
                0x0000000010003834                divmod_u64u64_savestate
                0x000000001000385c                divmod_s64s64_unsafe
                0x00000000100038e4                divmod_u64u64_unsafe
 .text.__wrap___aeabi_darithmetic
                0x0000000010003c1c       0x80 CMakeFiles/Assignment_2.dir/home/tim/SDKs/pico-sdk/src/rp2_common/pico_double/double_aeabi.S.obj
                0x0000000010003c1c                __wrap___aeabi_drsub
                0x0000000010003c22                __wrap___aeabi_dsub
                0x0000000010003c34                __wrap___aeabi_dadd
                0x0000000010003c46                __wrap___aeabi_ddiv
                0x0000000010003c82                __wrap___aeabi_dmul
 .text.__wrap___aeabi_cdcmple
                0x0000000010003c9c       0x6c CMakeFiles/Assignment_2.dir/home/tim/SDKs/pico-sdk/src/rp2_common/pico_double/double_aeabi.S.obj
                0x0000000010003c9c                __wrap___aeabi_cdrcmple
                0x0000000010003cac                __wrap___aeabi_cdcmple
                0x0000000010003cac                __wrap___aeabi_cdcmpeq
 .text.__wrap___aeabi_dcmplt
                0x0000000010003d08        0xc CMakeFiles/Assignment_2.dir/home/tim/SDKs/pico-sdk/src/rp2_common/pico_double/double_aeabi.S.obj
                0x0000000010003d08                __wrap___aeabi_dcmplt
 .text.__wrap___aeabi_dcmple
                0x0000000010003d14       0x10 CMakeFiles/Assignment_2.dir/home/tim/SDKs/pico-sdk/src/rp2_common/pico_double/double_aeabi.S.obj
                0x0000000010003d14                __wrap___aeabi_dcmple
 .text.__wrap___aeabi_dcmpge
                0x0000000010003d24       0x10 CMakeFiles/Assignment_2.dir/home/tim/SDKs/pico-sdk/src/rp2_common/pico_double/double_aeabi.S.obj
                0x0000000010003d24                __wrap___aeabi_dcmpge
 .text.__wrap___aeabi_dcmpgt
                0x0000000010003d34        0xa CMakeFiles/Assignment_2.dir/home/tim/SDKs/pico-sdk/src/rp2_common/pico_double/double_aeabi.S.obj
                0x0000000010003d34                __wrap___aeabi_dcmpgt
 .text.__wrap___aeabi_dcmpun
                0x0000000010003d3e       0x1c CMakeFiles/Assignment_2.dir/home/tim/SDKs/pico-sdk/src/rp2_common/pico_double/double_aeabi.S.obj
                0x0000000010003d3e                __wrap___aeabi_dcmpun
 *fill*         0x0000000010003d5a        0x2 
 .text.__wrap___aeabi_i2d
                0x0000000010003d5c       0x38 CMakeFiles/Assignment_2.dir/home/tim/SDKs/pico-sdk/src/rp2_common/pico_double/double_aeabi.S.obj
                0x0000000010003d5c                __wrap___aeabi_ui2d
                0x0000000010003d64                __wrap___aeabi_i2d
 .text.__wrap___aeabi_d2iz
                0x0000000010003d94       0x48 CMakeFiles/Assignment_2.dir/home/tim/SDKs/pico-sdk/src/rp2_common/pico_double/double_aeabi.S.obj
                0x0000000010003d94                __wrap___aeabi_d2iz
                0x0000000010003d94                double2int_z
 .text.__wrap___aeabi_d2uiz
                0x0000000010003ddc       0x18 CMakeFiles/Assignment_2.dir/home/tim/SDKs/pico-sdk/src/rp2_common/pico_double/double_aeabi.S.obj
                0x0000000010003ddc                double2uint
                0x0000000010003ddc                __wrap___aeabi_d2uiz
 .text.__aeabi_double_init
                0x0000000010003df4       0xb8 CMakeFiles/Assignment_2.dir/home/tim/SDKs/pico-sdk/src/rp2_common/pico_double/double_init_rom.c.obj
                0x0000000010003df4                __aeabi_double_init
 .text.double_table_shim_on_use_helper
                0x0000000010003eac       0x34 CMakeFiles/Assignment_2.dir/home/tim/SDKs/pico-sdk/src/rp2_common/pico_double/double_v1_rom_shim.S.obj
                0x0000000010003eac                double_table_shim_on_use_helper
 .text.__wrap___aeabi_dsub
                0x0000000010003ee0       0x10 CMakeFiles/Assignment_2.dir/home/tim/SDKs/pico-sdk/src/rp2_common/pico_double/double_v1_rom_shim.S.obj
                0x0000000010003ee0                drsub_shim
                0x0000000010003ee6                dsub_shim
 .text.dadd_shim
                0x0000000010003ef0      0x15c CMakeFiles/Assignment_2.dir/home/tim/SDKs/pico-sdk/src/rp2_common/pico_double/double_v1_rom_shim.S.obj
                0x0000000010003ef0                dadd_shim
 .text.dmul_shim
                0x000000001000404c      0x15c CMakeFiles/Assignment_2.dir/home/tim/SDKs/pico-sdk/src/rp2_common/pico_double/double_v1_rom_shim.S.obj
                0x000000001000404c                dmul_shim
 .text.ddiv_shim
                0x00000000100041a8      0x1b0 CMakeFiles/Assignment_2.dir/home/tim/SDKs/pico-sdk/src/rp2_common/pico_double/double_v1_rom_shim.S.obj
                0x00000000100041a8                ddiv_shim
 .text.dcordic_rot_step
                0x0000000010004358       0x7c CMakeFiles/Assignment_2.dir/home/tim/SDKs/pico-sdk/src/rp2_common/pico_double/double_v1_rom_shim.S.obj
                0x0000000010004358                dcordic_rot_step
 .text.double2uint_shim
                0x00000000100043d4        0xe CMakeFiles/Assignment_2.dir/home/tim/SDKs/pico-sdk/src/rp2_common/pico_double/double_v1_rom_shim.S.obj
                0x00000000100043d4                double2uint_shim
                0x00000000100043d6                double2ufix_shim
 *fill*         0x00000000100043e2        0x2 
 .text.double2uint64_shim
                0x00000000100043e4       0x6c CMakeFiles/Assignment_2.dir/home/tim/SDKs/pico-sdk/src/rp2_common/pico_double/double_v1_rom_shim.S.obj
                0x00000000100043e4                double2uint64_shim
                0x00000000100043e6                double2ufix64_shim
                0x0000000010004400                d2fix_a
 .text.dunpacks
                0x0000000010004450       0x3c CMakeFiles/Assignment_2.dir/home/tim/SDKs/pico-sdk/src/rp2_common/pico_double/double_v1_rom_shim.S.obj
                0x0000000010004450                dunpacks
 .text.__aeabi_lmul
                0x000000001000448c       0x32 CMakeFiles/Assignment_2.dir/home/tim/SDKs/pico-sdk/src/rp2_common/pico_int64_ops/pico_int64_ops_aeabi.S.obj
                0x000000001000448c                __wrap___aeabi_lmul
 *fill*         0x00000000100044be        0x2 
 .text.__aeabi_float_init
                0x00000000100044c0       0xfc CMakeFiles/Assignment_2.dir/home/tim/SDKs/pico-sdk/src/rp2_common/pico_float/float_init_rom.c.obj
                0x00000000100044c0                __aeabi_float_init
 .text.float_table_shim_on_use_helper
                0x00000000100045bc       0x34 CMakeFiles/Assignment_2.dir/home/tim/SDKs/pico-sdk/src/rp2_common/pico_float/float_v1_rom_shim.S.obj
                0x00000000100045bc                float_table_shim_on_use_helper
 .text.__wrap_malloc
                0x00000000100045f0       0x3c CMakeFiles/Assignment_2.dir/home/tim/SDKs/pico-sdk/src/rp2_common/pico_malloc/pico_malloc.c.obj
                0x00000000100045f0                __wrap_malloc
 .text.__wrap_free
                0x000000001000462c       0x20 CMakeFiles/Assignment_2.dir/home/tim/SDKs/pico-sdk/src/rp2_common/pico_malloc/pico_malloc.c.obj
                0x000000001000462c                __wrap_free
 .text          0x000000001000464c       0x10 CMakeFiles/Assignment_2.dir/home/tim/SDKs/pico-sdk/src/rp2_common/pico_mem_ops/mem_ops_aeabi.S.obj
                0x000000001000464c                __aeabi_mem_init
 .text.memset   0x000000001000465c        0xc CMakeFiles/Assignment_2.dir/home/tim/SDKs/pico-sdk/src/rp2_common/pico_mem_ops/mem_ops_aeabi.S.obj
                0x000000001000465c                __wrap_memset
 .text.memcpy   0x0000000010004668        0xc CMakeFiles/Assignment_2.dir/home/tim/SDKs/pico-sdk/src/rp2_common/pico_mem_ops/mem_ops_aeabi.S.obj
                0x0000000010004668                __wrap___aeabi_memcpy
                0x0000000010004668                __wrap_memcpy
 .text.stdio_out_chars_crlf
                0x0000000010004674       0x80 CMakeFiles/Assignment_2.dir/home/tim/SDKs/pico-sdk/src/rp2_common/pico_stdio/stdio.c.obj
 .text.stdio_stack_buffer_flush
                0x00000000100046f4       0x44 CMakeFiles/Assignment_2.dir/home/tim/SDKs/pico-sdk/src/rp2_common/pico_stdio/stdio.c.obj
 .text.stdio_buffered_printer
                0x0000000010004738       0x20 CMakeFiles/Assignment_2.dir/home/tim/SDKs/pico-sdk/src/rp2_common/pico_stdio/stdio.c.obj
 .text.stdout_serialize_begin
                0x0000000010004758       0x30 CMakeFiles/Assignment_2.dir/home/tim/SDKs/pico-sdk/src/rp2_common/pico_stdio/stdio.c.obj
                0x0000000010004758                stdout_serialize_begin
 .text.stdout_serialize_end
                0x0000000010004788       0x10 CMakeFiles/Assignment_2.dir/home/tim/SDKs/pico-sdk/src/rp2_common/pico_stdio/stdio.c.obj
                0x0000000010004788                stdout_serialize_end
 .text.stdio_put_string
                0x0000000010004798       0x84 CMakeFiles/Assignment_2.dir/home/tim/SDKs/pico-sdk/src/rp2_common/pico_stdio/stdio.c.obj
 .text.stdio_set_driver_enabled
                0x000000001000481c       0x38 CMakeFiles/Assignment_2.dir/home/tim/SDKs/pico-sdk/src/rp2_common/pico_stdio/stdio.c.obj
                0x000000001000481c                stdio_set_driver_enabled
 .text.stdio_flush
                0x0000000010004854       0x20 CMakeFiles/Assignment_2.dir/home/tim/SDKs/pico-sdk/src/rp2_common/pico_stdio/stdio.c.obj
                0x0000000010004854                stdio_flush
 .text.__wrap_puts
                0x0000000010004874       0x1c CMakeFiles/Assignment_2.dir/home/tim/SDKs/pico-sdk/src/rp2_common/pico_stdio/stdio.c.obj
                0x0000000010004874                __wrap_puts
 .text.__wrap_vprintf
                0x0000000010004890       0x44 CMakeFiles/Assignment_2.dir/home/tim/SDKs/pico-sdk/src/rp2_common/pico_stdio/stdio.c.obj
                0x0000000010004890                __wrap_vprintf
 .text.__wrap_printf
                0x00000000100048d4       0x18 CMakeFiles/Assignment_2.dir/home/tim/SDKs/pico-sdk/src/rp2_common/pico_stdio/stdio.c.obj
                0x00000000100048d4                __wrap_printf
 .text.stdio_init_all
                0x00000000100048ec        0xc CMakeFiles/Assignment_2.dir/home/tim/SDKs/pico-sdk/src/rp2_common/pico_stdio/stdio.c.obj
                0x00000000100048ec                stdio_init_all
 .text.stdio_uart_out_chars
                0x00000000100048f8       0x74 CMakeFiles/Assignment_2.dir/home/tim/SDKs/pico-sdk/src/rp2_common/pico_stdio_uart/stdio_uart.c.obj
 .text.stdio_uart_in_chars
                0x000000001000496c       0x58 CMakeFiles/Assignment_2.dir/home/tim/SDKs/pico-sdk/src/rp2_common/pico_stdio_uart/stdio_uart.c.obj
                0x000000001000496c                stdio_uart_in_chars
 .text.stdio_uart_init_full
                0x00000000100049c4       0x3c CMakeFiles/Assignment_2.dir/home/tim/SDKs/pico-sdk/src/rp2_common/pico_stdio_uart/stdio_uart.c.obj
                0x00000000100049c4                stdio_uart_init_full
 .text.stdio_uart_init
                0x0000000010004a00       0x28 CMakeFiles/Assignment_2.dir/home/tim/SDKs/pico-sdk/src/rp2_common/pico_stdio_uart/stdio_uart.c.obj
                0x0000000010004a00                stdio_uart_init
 .text.resetd_init
                0x0000000010004a28        0x2 CMakeFiles/Assignment_2.dir/home/tim/SDKs/pico-sdk/src/rp2_common/pico_stdio_usb/reset_interface.c.obj
 *fill*         0x0000000010004a2a        0x2 
 .text.resetd_reset
                0x0000000010004a2c        0xc CMakeFiles/Assignment_2.dir/home/tim/SDKs/pico-sdk/src/rp2_common/pico_stdio_usb/reset_interface.c.obj
 .text.resetd_open
                0x0000000010004a38       0x34 CMakeFiles/Assignment_2.dir/home/tim/SDKs/pico-sdk/src/rp2_common/pico_stdio_usb/reset_interface.c.obj
 .text.resetd_xfer_cb
                0x0000000010004a6c        0x4 CMakeFiles/Assignment_2.dir/home/tim/SDKs/pico-sdk/src/rp2_common/pico_stdio_usb/reset_interface.c.obj
 .text.reset_usb_boot
                0x0000000010004a70       0x18 CMakeFiles/Assignment_2.dir/home/tim/SDKs/pico-sdk/src/rp2_common/pico_stdio_usb/reset_interface.c.obj
 .text.resetd_control_xfer_cb
                0x0000000010004a88       0x5c CMakeFiles/Assignment_2.dir/home/tim/SDKs/pico-sdk/src/rp2_common/pico_stdio_usb/reset_interface.c.obj
 .text.usbd_app_driver_get_cb
                0x0000000010004ae4        0xc CMakeFiles/Assignment_2.dir/home/tim/SDKs/pico-sdk/src/rp2_common/pico_stdio_usb/reset_interface.c.obj
                0x0000000010004ae4                usbd_app_driver_get_cb
 .text.tud_cdc_line_coding_cb
                0x0000000010004af0       0x28 CMakeFiles/Assignment_2.dir/home/tim/SDKs/pico-sdk/src/rp2_common/pico_stdio_usb/reset_interface.c.obj
                0x0000000010004af0                tud_cdc_line_coding_cb
 .text.stdio_usb_in_chars
                0x0000000010004b18       0x70 CMakeFiles/Assignment_2.dir/home/tim/SDKs/pico-sdk/src/rp2_common/pico_stdio_usb/stdio_usb.c.obj
                0x0000000010004b18                stdio_usb_in_chars
 .text.low_priority_worker_irq
                0x0000000010004b88       0x20 CMakeFiles/Assignment_2.dir/home/tim/SDKs/pico-sdk/src/rp2_common/pico_stdio_usb/stdio_usb.c.obj
 .text.stdio_usb_out_chars
                0x0000000010004ba8       0xd4 CMakeFiles/Assignment_2.dir/home/tim/SDKs/pico-sdk/src/rp2_common/pico_stdio_usb/stdio_usb.c.obj
 .text.timer_task
                0x0000000010004c7c       0x10 CMakeFiles/Assignment_2.dir/home/tim/SDKs/pico-sdk/src/rp2_common/pico_stdio_usb/stdio_usb.c.obj
 .text.stdio_usb_init
                0x0000000010004c8c       0xb8 CMakeFiles/Assignment_2.dir/home/tim/SDKs/pico-sdk/src/rp2_common/pico_stdio_usb/stdio_usb.c.obj
                0x0000000010004c8c                stdio_usb_init
 .text.tud_descriptor_device_cb
                0x0000000010004d44        0x8 CMakeFiles/Assignment_2.dir/home/tim/SDKs/pico-sdk/src/rp2_common/pico_stdio_usb/stdio_usb_descriptors.c.obj
                0x0000000010004d44                tud_descriptor_device_cb
 .text.tud_descriptor_configuration_cb
                0x0000000010004d4c        0x8 CMakeFiles/Assignment_2.dir/home/tim/SDKs/pico-sdk/src/rp2_common/pico_stdio_usb/stdio_usb_descriptors.c.obj
                0x0000000010004d4c                tud_descriptor_configuration_cb
 .text.tud_descriptor_string_cb
                0x0000000010004d54       0x68 CMakeFiles/Assignment_2.dir/home/tim/SDKs/pico-sdk/src/rp2_common/pico_stdio_usb/stdio_usb_descriptors.c.obj
                0x0000000010004d54                tud_descriptor_string_cb
 .text.hw_endpoint_get_by_addr
                0x0000000010004dbc       0x18 CMakeFiles/Assignment_2.dir/home/tim/SDKs/pico-sdk/lib/tinyusb/src/portable/raspberrypi/rp2040/dcd_rp2040.c.obj
 .text.reset_ep0
                0x0000000010004dd4       0x2c CMakeFiles/Assignment_2.dir/home/tim/SDKs/pico-sdk/lib/tinyusb/src/portable/raspberrypi/rp2040/dcd_rp2040.c.obj
 .text._hw_endpoint_alloc
                0x0000000010004e00       0x80 CMakeFiles/Assignment_2.dir/home/tim/SDKs/pico-sdk/lib/tinyusb/src/portable/raspberrypi/rp2040/dcd_rp2040.c.obj
 .text._hw_endpoint_init
                0x0000000010004e80       0xbc CMakeFiles/Assignment_2.dir/home/tim/SDKs/pico-sdk/lib/tinyusb/src/portable/raspberrypi/rp2040/dcd_rp2040.c.obj
 .text.hw_endpoint_init
                0x0000000010004f3c       0x18 CMakeFiles/Assignment_2.dir/home/tim/SDKs/pico-sdk/lib/tinyusb/src/portable/raspberrypi/rp2040/dcd_rp2040.c.obj
 .text.hw_handle_buff_status
                0x0000000010004f54       0xb4 CMakeFiles/Assignment_2.dir/home/tim/SDKs/pico-sdk/lib/tinyusb/src/portable/raspberrypi/rp2040/dcd_rp2040.c.obj
 .text.dcd_rp2040_irq
                0x0000000010005008       0xa8 CMakeFiles/Assignment_2.dir/home/tim/SDKs/pico-sdk/lib/tinyusb/src/portable/raspberrypi/rp2040/dcd_rp2040.c.obj
 .text.hw_endpoint_xfer
                0x00000000100050b0       0x18 CMakeFiles/Assignment_2.dir/home/tim/SDKs/pico-sdk/lib/tinyusb/src/portable/raspberrypi/rp2040/dcd_rp2040.c.obj
 .text.ep0_0len_status
                0x00000000100050c8       0x14 CMakeFiles/Assignment_2.dir/home/tim/SDKs/pico-sdk/lib/tinyusb/src/portable/raspberrypi/rp2040/dcd_rp2040.c.obj
 .text._hw_endpoint_stall
                0x00000000100050dc       0x54 CMakeFiles/Assignment_2.dir/home/tim/SDKs/pico-sdk/lib/tinyusb/src/portable/raspberrypi/rp2040/dcd_rp2040.c.obj
 .text.hw_endpoint_stall
                0x0000000010005130        0xc CMakeFiles/Assignment_2.dir/home/tim/SDKs/pico-sdk/lib/tinyusb/src/portable/raspberrypi/rp2040/dcd_rp2040.c.obj
 .text._hw_endpoint_clear_stall
                0x000000001000513c       0x34 CMakeFiles/Assignment_2.dir/home/tim/SDKs/pico-sdk/lib/tinyusb/src/portable/raspberrypi/rp2040/dcd_rp2040.c.obj
 .text.hw_endpoint_clear_stall
                0x0000000010005170        0xc CMakeFiles/Assignment_2.dir/home/tim/SDKs/pico-sdk/lib/tinyusb/src/portable/raspberrypi/rp2040/dcd_rp2040.c.obj
 .text.dcd_int_enable
                0x000000001000517c       0x2c CMakeFiles/Assignment_2.dir/home/tim/SDKs/pico-sdk/lib/tinyusb/src/portable/raspberrypi/rp2040/dcd_rp2040.c.obj
                0x000000001000517c                dcd_int_enable
 .text.dcd_set_address
                0x00000000100051a8       0x28 CMakeFiles/Assignment_2.dir/home/tim/SDKs/pico-sdk/lib/tinyusb/src/portable/raspberrypi/rp2040/dcd_rp2040.c.obj
                0x00000000100051a8                dcd_set_address
 .text.dcd_connect
                0x00000000100051d0       0x30 CMakeFiles/Assignment_2.dir/home/tim/SDKs/pico-sdk/lib/tinyusb/src/portable/raspberrypi/rp2040/dcd_rp2040.c.obj
                0x00000000100051d0                dcd_connect
 .text.dcd_init
                0x0000000010005200       0x84 CMakeFiles/Assignment_2.dir/home/tim/SDKs/pico-sdk/lib/tinyusb/src/portable/raspberrypi/rp2040/dcd_rp2040.c.obj
                0x0000000010005200                dcd_init
 .text.dcd_edpt0_status_complete
                0x0000000010005284       0x40 CMakeFiles/Assignment_2.dir/home/tim/SDKs/pico-sdk/lib/tinyusb/src/portable/raspberrypi/rp2040/dcd_rp2040.c.obj
                0x0000000010005284                dcd_edpt0_status_complete
 .text.dcd_edpt_open
                0x00000000100052c4       0x40 CMakeFiles/Assignment_2.dir/home/tim/SDKs/pico-sdk/lib/tinyusb/src/portable/raspberrypi/rp2040/dcd_rp2040.c.obj
                0x00000000100052c4                dcd_edpt_open
 .text.dcd_edpt_xfer
                0x0000000010005304       0x34 CMakeFiles/Assignment_2.dir/home/tim/SDKs/pico-sdk/lib/tinyusb/src/portable/raspberrypi/rp2040/dcd_rp2040.c.obj
                0x0000000010005304                dcd_edpt_xfer
 .text.dcd_edpt_stall
                0x0000000010005338       0x28 CMakeFiles/Assignment_2.dir/home/tim/SDKs/pico-sdk/lib/tinyusb/src/portable/raspberrypi/rp2040/dcd_rp2040.c.obj
                0x0000000010005338                dcd_edpt_stall
 .text.dcd_edpt_clear_stall
                0x0000000010005360       0x2c CMakeFiles/Assignment_2.dir/home/tim/SDKs/pico-sdk/lib/tinyusb/src/portable/raspberrypi/rp2040/dcd_rp2040.c.obj
                0x0000000010005360                dcd_edpt_clear_stall
 .text.rp2040_usb_init
                0x000000001000538c       0x50 CMakeFiles/Assignment_2.dir/home/tim/SDKs/pico-sdk/lib/tinyusb/src/portable/raspberrypi/rp2040/rp2040_usb.c.obj
                0x000000001000538c                rp2040_usb_init
 .text.hw_endpoint_reset_transfer
                0x00000000100053dc       0x10 CMakeFiles/Assignment_2.dir/home/tim/SDKs/pico-sdk/lib/tinyusb/src/portable/raspberrypi/rp2040/rp2040_usb.c.obj
                0x00000000100053dc                hw_endpoint_reset_transfer
 .text._hw_endpoint_buffer_control_update32
                0x00000000100053ec       0x58 CMakeFiles/Assignment_2.dir/home/tim/SDKs/pico-sdk/lib/tinyusb/src/portable/raspberrypi/rp2040/rp2040_usb.c.obj
                0x00000000100053ec                _hw_endpoint_buffer_control_update32
 .text._hw_endpoint_start_next_buffer
                0x0000000010005444       0x4c CMakeFiles/Assignment_2.dir/home/tim/SDKs/pico-sdk/lib/tinyusb/src/portable/raspberrypi/rp2040/rp2040_usb.c.obj
                0x0000000010005444                _hw_endpoint_start_next_buffer
 .text._hw_endpoint_xfer_start
                0x0000000010005490       0x3e CMakeFiles/Assignment_2.dir/home/tim/SDKs/pico-sdk/lib/tinyusb/src/portable/raspberrypi/rp2040/rp2040_usb.c.obj
                0x0000000010005490                _hw_endpoint_xfer_start
 *fill*         0x00000000100054ce        0x2 
 .text._hw_endpoint_xfer_sync
                0x00000000100054d0       0x70 CMakeFiles/Assignment_2.dir/home/tim/SDKs/pico-sdk/lib/tinyusb/src/portable/raspberrypi/rp2040/rp2040_usb.c.obj
                0x00000000100054d0                _hw_endpoint_xfer_sync
 .text._hw_endpoint_xfer_continue
                0x0000000010005540       0x60 CMakeFiles/Assignment_2.dir/home/tim/SDKs/pico-sdk/lib/tinyusb/src/portable/raspberrypi/rp2040/rp2040_usb.c.obj
                0x0000000010005540                _hw_endpoint_xfer_continue
 .text._hw_endpoint_xfer
                0x00000000100055a0       0x34 CMakeFiles/Assignment_2.dir/home/tim/SDKs/pico-sdk/lib/tinyusb/src/portable/raspberrypi/rp2040/rp2040_usb.c.obj
                0x00000000100055a0                _hw_endpoint_xfer
 .text.mark_interface_endpoint
                0x00000000100055d4       0x2a CMakeFiles/Assignment_2.dir/home/tim/SDKs/pico-sdk/lib/tinyusb/src/device/usbd.c.obj
 *fill*         0x00000000100055fe        0x2 
 .text.usbd_reset
                0x0000000010005600       0x88 CMakeFiles/Assignment_2.dir/home/tim/SDKs/pico-sdk/lib/tinyusb/src/device/usbd.c.obj
 .text.invoke_class_control
                0x0000000010005688       0x1a CMakeFiles/Assignment_2.dir/home/tim/SDKs/pico-sdk/lib/tinyusb/src/device/usbd.c.obj
 *fill*         0x00000000100056a2        0x2 
 .text.process_set_config
                0x00000000100056a4      0x1d4 CMakeFiles/Assignment_2.dir/home/tim/SDKs/pico-sdk/lib/tinyusb/src/device/usbd.c.obj
 .text.process_get_descriptor
                0x0000000010005878       0xf8 CMakeFiles/Assignment_2.dir/home/tim/SDKs/pico-sdk/lib/tinyusb/src/device/usbd.c.obj
 .text.tud_mounted
                0x0000000010005970       0x10 CMakeFiles/Assignment_2.dir/home/tim/SDKs/pico-sdk/lib/tinyusb/src/device/usbd.c.obj
                0x0000000010005970                tud_mounted
 .text.tud_suspended
                0x0000000010005980       0x10 CMakeFiles/Assignment_2.dir/home/tim/SDKs/pico-sdk/lib/tinyusb/src/device/usbd.c.obj
                0x0000000010005980                tud_suspended
 .text.tud_inited
                0x0000000010005990        0xc CMakeFiles/Assignment_2.dir/home/tim/SDKs/pico-sdk/lib/tinyusb/src/device/usbd.c.obj
                0x0000000010005990                tud_inited
 .text.tud_init
                0x000000001000599c       0xcc CMakeFiles/Assignment_2.dir/home/tim/SDKs/pico-sdk/lib/tinyusb/src/device/usbd.c.obj
                0x000000001000599c                tud_init
 .text.dcd_event_handler
                0x0000000010005a68      0x174 CMakeFiles/Assignment_2.dir/home/tim/SDKs/pico-sdk/lib/tinyusb/src/device/usbd.c.obj
                0x0000000010005a68                dcd_event_handler
 .text.dcd_event_bus_signal
                0x0000000010005bdc       0x26 CMakeFiles/Assignment_2.dir/home/tim/SDKs/pico-sdk/lib/tinyusb/src/device/usbd.c.obj
                0x0000000010005bdc                dcd_event_bus_signal
 .text.dcd_event_bus_reset
                0x0000000010005c02       0x2a CMakeFiles/Assignment_2.dir/home/tim/SDKs/pico-sdk/lib/tinyusb/src/device/usbd.c.obj
                0x0000000010005c02                dcd_event_bus_reset
 .text.dcd_event_setup_received
                0x0000000010005c2c       0x34 CMakeFiles/Assignment_2.dir/home/tim/SDKs/pico-sdk/lib/tinyusb/src/device/usbd.c.obj
                0x0000000010005c2c                dcd_event_setup_received
 .text.dcd_event_xfer_complete
                0x0000000010005c60       0x44 CMakeFiles/Assignment_2.dir/home/tim/SDKs/pico-sdk/lib/tinyusb/src/device/usbd.c.obj
                0x0000000010005c60                dcd_event_xfer_complete
 .text.usbd_edpt_open
                0x0000000010005ca4       0xe0 CMakeFiles/Assignment_2.dir/home/tim/SDKs/pico-sdk/lib/tinyusb/src/device/usbd.c.obj
                0x0000000010005ca4                usbd_edpt_open
 .text.usbd_open_edpt_pair
                0x0000000010005d84       0x8c CMakeFiles/Assignment_2.dir/home/tim/SDKs/pico-sdk/lib/tinyusb/src/device/usbd.c.obj
                0x0000000010005d84                usbd_open_edpt_pair
 .text.usbd_edpt_claim
                0x0000000010005e10       0x8c CMakeFiles/Assignment_2.dir/home/tim/SDKs/pico-sdk/lib/tinyusb/src/device/usbd.c.obj
                0x0000000010005e10                usbd_edpt_claim
 .text.usbd_edpt_release
                0x0000000010005e9c       0x68 CMakeFiles/Assignment_2.dir/home/tim/SDKs/pico-sdk/lib/tinyusb/src/device/usbd.c.obj
                0x0000000010005e9c                usbd_edpt_release
 .text.usbd_edpt_xfer
                0x0000000010005f04       0x84 CMakeFiles/Assignment_2.dir/home/tim/SDKs/pico-sdk/lib/tinyusb/src/device/usbd.c.obj
                0x0000000010005f04                usbd_edpt_xfer
 .text.usbd_edpt_stall
                0x0000000010005f88       0x2c CMakeFiles/Assignment_2.dir/home/tim/SDKs/pico-sdk/lib/tinyusb/src/device/usbd.c.obj
                0x0000000010005f88                usbd_edpt_stall
 .text.usbd_edpt_clear_stall
                0x0000000010005fb4       0x2c CMakeFiles/Assignment_2.dir/home/tim/SDKs/pico-sdk/lib/tinyusb/src/device/usbd.c.obj
                0x0000000010005fb4                usbd_edpt_clear_stall
 .text.usbd_edpt_stalled
                0x0000000010005fe0       0x1c CMakeFiles/Assignment_2.dir/home/tim/SDKs/pico-sdk/lib/tinyusb/src/device/usbd.c.obj
                0x0000000010005fe0                usbd_edpt_stalled
 .text.process_control_request
                0x0000000010005ffc      0x380 CMakeFiles/Assignment_2.dir/home/tim/SDKs/pico-sdk/lib/tinyusb/src/device/usbd.c.obj
 .text.tud_task
                0x000000001000637c      0x204 CMakeFiles/Assignment_2.dir/home/tim/SDKs/pico-sdk/lib/tinyusb/src/device/usbd.c.obj
                0x000000001000637c                tud_task
 .text._data_stage_xact
                0x0000000010006580       0x58 CMakeFiles/Assignment_2.dir/home/tim/SDKs/pico-sdk/lib/tinyusb/src/device/usbd_control.c.obj
 .text.tud_control_status
                0x00000000100065d8       0x38 CMakeFiles/Assignment_2.dir/home/tim/SDKs/pico-sdk/lib/tinyusb/src/device/usbd_control.c.obj
                0x00000000100065d8                tud_control_status
 .text.tud_control_xfer
                0x0000000010006610       0xa8 CMakeFiles/Assignment_2.dir/home/tim/SDKs/pico-sdk/lib/tinyusb/src/device/usbd_control.c.obj
                0x0000000010006610                tud_control_xfer
 .text.usbd_control_reset
                0x00000000100066b8       0x14 CMakeFiles/Assignment_2.dir/home/tim/SDKs/pico-sdk/lib/tinyusb/src/device/usbd_control.c.obj
                0x00000000100066b8                usbd_control_reset
 .text.usbd_control_set_complete_callback
                0x00000000100066cc        0xc CMakeFiles/Assignment_2.dir/home/tim/SDKs/pico-sdk/lib/tinyusb/src/device/usbd_control.c.obj
                0x00000000100066cc                usbd_control_set_complete_callback
 .text.usbd_control_set_request
                0x00000000100066d8       0x1c CMakeFiles/Assignment_2.dir/home/tim/SDKs/pico-sdk/lib/tinyusb/src/device/usbd_control.c.obj
                0x00000000100066d8                usbd_control_set_request
 .text.usbd_control_xfer_cb
                0x00000000100066f4       0xfc CMakeFiles/Assignment_2.dir/home/tim/SDKs/pico-sdk/lib/tinyusb/src/device/usbd_control.c.obj
                0x00000000100066f4                usbd_control_xfer_cb
 .text._prep_out_transaction
                0x00000000100067f0       0x46 CMakeFiles/Assignment_2.dir/home/tim/SDKs/pico-sdk/lib/tinyusb/src/class/cdc/cdc_device.c.obj
 *fill*         0x0000000010006836        0x2 
 .text.tud_cdc_n_connected
                0x0000000010006838       0x44 CMakeFiles/Assignment_2.dir/home/tim/SDKs/pico-sdk/lib/tinyusb/src/class/cdc/cdc_device.c.obj
                0x0000000010006838                tud_cdc_n_connected
 .text.tud_cdc_n_available
                0x000000001000687c       0x18 CMakeFiles/Assignment_2.dir/home/tim/SDKs/pico-sdk/lib/tinyusb/src/class/cdc/cdc_device.c.obj
                0x000000001000687c                tud_cdc_n_available
 .text.tud_cdc_n_read
                0x0000000010006894       0x28 CMakeFiles/Assignment_2.dir/home/tim/SDKs/pico-sdk/lib/tinyusb/src/class/cdc/cdc_device.c.obj
                0x0000000010006894                tud_cdc_n_read
 .text.tud_cdc_n_write_flush
                0x00000000100068bc       0xcc CMakeFiles/Assignment_2.dir/home/tim/SDKs/pico-sdk/lib/tinyusb/src/class/cdc/cdc_device.c.obj
                0x00000000100068bc                tud_cdc_n_write_flush
 .text.tud_cdc_n_write
                0x0000000010006988       0x38 CMakeFiles/Assignment_2.dir/home/tim/SDKs/pico-sdk/lib/tinyusb/src/class/cdc/cdc_device.c.obj
                0x0000000010006988                tud_cdc_n_write
 .text.tud_cdc_n_write_available
                0x00000000100069c0       0x1c CMakeFiles/Assignment_2.dir/home/tim/SDKs/pico-sdk/lib/tinyusb/src/class/cdc/cdc_device.c.obj
                0x00000000100069c0                tud_cdc_n_write_available
 .text.cdcd_init
                0x00000000100069dc       0xbc CMakeFiles/Assignment_2.dir/home/tim/SDKs/pico-sdk/lib/tinyusb/src/class/cdc/cdc_device.c.obj
                0x00000000100069dc                cdcd_init
 .text.cdcd_reset
                0x0000000010006a98       0x44 CMakeFiles/Assignment_2.dir/home/tim/SDKs/pico-sdk/lib/tinyusb/src/class/cdc/cdc_device.c.obj
                0x0000000010006a98                cdcd_reset
 .text.cdcd_open
                0x0000000010006adc      0x10c CMakeFiles/Assignment_2.dir/home/tim/SDKs/pico-sdk/lib/tinyusb/src/class/cdc/cdc_device.c.obj
                0x0000000010006adc                cdcd_open
 .text.cdcd_control_xfer_cb
                0x0000000010006be8      0x134 CMakeFiles/Assignment_2.dir/home/tim/SDKs/pico-sdk/lib/tinyusb/src/class/cdc/cdc_device.c.obj
                0x0000000010006be8                cdcd_control_xfer_cb
 .text.cdcd_xfer_cb
                0x0000000010006d1c      0x144 CMakeFiles/Assignment_2.dir/home/tim/SDKs/pico-sdk/lib/tinyusb/src/class/cdc/cdc_device.c.obj
                0x0000000010006d1c                cdcd_xfer_cb
 .text.tusb_init
                0x0000000010006e60       0x24 CMakeFiles/Assignment_2.dir/home/tim/SDKs/pico-sdk/lib/tinyusb/src/tusb.c.obj
                0x0000000010006e60                tusb_init
 .text.tusb_inited
                0x0000000010006e84        0xe CMakeFiles/Assignment_2.dir/home/tim/SDKs/pico-sdk/lib/tinyusb/src/tusb.c.obj
                0x0000000010006e84                tusb_inited
 .text.advance_pointer
                0x0000000010006e92       0x1c CMakeFiles/Assignment_2.dir/home/tim/SDKs/pico-sdk/lib/tinyusb/src/common/tusb_fifo.c.obj
 .text.backward_pointer
                0x0000000010006eae       0x1a CMakeFiles/Assignment_2.dir/home/tim/SDKs/pico-sdk/lib/tinyusb/src/common/tusb_fifo.c.obj
 .text.get_relative_pointer
                0x0000000010006ec8       0x10 CMakeFiles/Assignment_2.dir/home/tim/SDKs/pico-sdk/lib/tinyusb/src/common/tusb_fifo.c.obj
 .text._tu_fifo_peek
                0x0000000010006ed8       0x50 CMakeFiles/Assignment_2.dir/home/tim/SDKs/pico-sdk/lib/tinyusb/src/common/tusb_fifo.c.obj
 .text._ff_pull_const_addr
                0x0000000010006f28       0x4c CMakeFiles/Assignment_2.dir/home/tim/SDKs/pico-sdk/lib/tinyusb/src/common/tusb_fifo.c.obj
 .text._ff_pull_n
                0x0000000010006f74      0x10c CMakeFiles/Assignment_2.dir/home/tim/SDKs/pico-sdk/lib/tinyusb/src/common/tusb_fifo.c.obj
 .text._tu_fifo_peek_n
                0x0000000010007080       0x5e CMakeFiles/Assignment_2.dir/home/tim/SDKs/pico-sdk/lib/tinyusb/src/common/tusb_fifo.c.obj
 .text._tu_fifo_read_n
                0x00000000100070de       0x4e CMakeFiles/Assignment_2.dir/home/tim/SDKs/pico-sdk/lib/tinyusb/src/common/tusb_fifo.c.obj
 .text._ff_push_const_addr
                0x000000001000712c       0x40 CMakeFiles/Assignment_2.dir/home/tim/SDKs/pico-sdk/lib/tinyusb/src/common/tusb_fifo.c.obj
 .text._ff_push_n
                0x000000001000716c      0x108 CMakeFiles/Assignment_2.dir/home/tim/SDKs/pico-sdk/lib/tinyusb/src/common/tusb_fifo.c.obj
 .text._tu_fifo_write_n
                0x0000000010007274       0x9e CMakeFiles/Assignment_2.dir/home/tim/SDKs/pico-sdk/lib/tinyusb/src/common/tusb_fifo.c.obj
 .text.tu_fifo_config
                0x0000000010007312       0x72 CMakeFiles/Assignment_2.dir/home/tim/SDKs/pico-sdk/lib/tinyusb/src/common/tusb_fifo.c.obj
                0x0000000010007312                tu_fifo_config
 .text.tu_fifo_count
                0x0000000010007384       0x26 CMakeFiles/Assignment_2.dir/home/tim/SDKs/pico-sdk/lib/tinyusb/src/common/tusb_fifo.c.obj
                0x0000000010007384                tu_fifo_count
 .text.tu_fifo_empty
                0x00000000100073aa        0xe CMakeFiles/Assignment_2.dir/home/tim/SDKs/pico-sdk/lib/tinyusb/src/common/tusb_fifo.c.obj
                0x00000000100073aa                tu_fifo_empty
 .text.tu_fifo_remaining
                0x00000000100073b8       0x20 CMakeFiles/Assignment_2.dir/home/tim/SDKs/pico-sdk/lib/tinyusb/src/common/tusb_fifo.c.obj
                0x00000000100073b8                tu_fifo_remaining
 .text.tu_fifo_read
                0x00000000100073d8       0x42 CMakeFiles/Assignment_2.dir/home/tim/SDKs/pico-sdk/lib/tinyusb/src/common/tusb_fifo.c.obj
                0x00000000100073d8                tu_fifo_read
 .text.tu_fifo_read_n
                0x000000001000741a        0xa CMakeFiles/Assignment_2.dir/home/tim/SDKs/pico-sdk/lib/tinyusb/src/common/tusb_fifo.c.obj
                0x000000001000741a                tu_fifo_read_n
 .text.tu_fifo_write
                0x0000000010007424       0x6a CMakeFiles/Assignment_2.dir/home/tim/SDKs/pico-sdk/lib/tinyusb/src/common/tusb_fifo.c.obj
                0x0000000010007424                tu_fifo_write
 .text.tu_fifo_write_n
                0x000000001000748e        0xa CMakeFiles/Assignment_2.dir/home/tim/SDKs/pico-sdk/lib/tinyusb/src/common/tusb_fifo.c.obj
                0x000000001000748e                tu_fifo_write_n
 .text.tu_fifo_clear
                0x0000000010007498       0x4c CMakeFiles/Assignment_2.dir/home/tim/SDKs/pico-sdk/lib/tinyusb/src/common/tusb_fifo.c.obj
                0x0000000010007498                tu_fifo_clear
 .text.tu_fifo_set_overwritable
                0x00000000100074e4       0x3c CMakeFiles/Assignment_2.dir/home/tim/SDKs/pico-sdk/lib/tinyusb/src/common/tusb_fifo.c.obj
                0x00000000100074e4                tu_fifo_set_overwritable
 .text._retrieve_unique_id_on_boot
                0x0000000010007520       0x10 CMakeFiles/Assignment_2.dir/home/tim/SDKs/pico-sdk/src/rp2_common/pico_unique_id/unique_id.c.obj
 .text.pico_get_unique_board_id_string
                0x0000000010007530       0x5c CMakeFiles/Assignment_2.dir/home/tim/SDKs/pico-sdk/src/rp2_common/pico_unique_id/unique_id.c.obj
                0x0000000010007530                pico_get_unique_board_id_string
 .text.flash_get_unique_id
                0x000000001000758c       0x46 CMakeFiles/Assignment_2.dir/home/tim/SDKs/pico-sdk/src/rp2_common/hardware_flash/flash.c.obj
                0x000000001000758c                flash_get_unique_id
 *fill*         0x00000000100075d2        0x2 
 .text.atexit   0x00000000100075d4       0x10 /usr/lib/gcc/arm-none-eabi/11.2.0/../../../../arm-none-eabi/lib/thumb/v6-m/nofp/libg.a(lib_a-atexit.o)
                0x00000000100075d4                atexit
 .text.__libc_fini_array
                0x00000000100075e4       0x28 /usr/lib/gcc/arm-none-eabi/11.2.0/../../../../arm-none-eabi/lib/thumb/v6-m/nofp/libg.a(lib_a-fini.o)
                0x00000000100075e4                __libc_fini_array
 .text.malloc   0x000000001000760c       0x14 /usr/lib/gcc/arm-none-eabi/11.2.0/../../../../arm-none-eabi/lib/thumb/v6-m/nofp/libg.a(lib_a-malloc.o)
                0x000000001000760c                malloc
 .text.free     0x0000000010007620       0x14 /usr/lib/gcc/arm-none-eabi/11.2.0/../../../../arm-none-eabi/lib/thumb/v6-m/nofp/libg.a(lib_a-malloc.o)
                0x0000000010007620                free
 .text._malloc_r
                0x0000000010007634      0x598 /usr/lib/gcc/arm-none-eabi/11.2.0/../../../../arm-none-eabi/lib/thumb/v6-m/nofp/libg.a(lib_a-mallocr.o)
                0x0000000010007634                _malloc_r
 .text.__malloc_lock
                0x0000000010007bcc       0x10 /usr/lib/gcc/arm-none-eabi/11.2.0/../../../../arm-none-eabi/lib/thumb/v6-m/nofp/libg.a(lib_a-mlock.o)
                0x0000000010007bcc                __malloc_lock
 .text.__malloc_unlock
                0x0000000010007bdc       0x10 /usr/lib/gcc/arm-none-eabi/11.2.0/../../../../arm-none-eabi/lib/thumb/v6-m/nofp/libg.a(lib_a-mlock.o)
                0x0000000010007bdc                __malloc_unlock
 .text._sbrk_r  0x0000000010007bec       0x24 /usr/lib/gcc/arm-none-eabi/11.2.0/../../../../arm-none-eabi/lib/thumb/v6-m/nofp/libg.a(lib_a-sbrkr.o)
                0x0000000010007bec                _sbrk_r
 .text.strlen   0x0000000010007c10       0x5c /usr/lib/gcc/arm-none-eabi/11.2.0/../../../../arm-none-eabi/lib/thumb/v6-m/nofp/libg.a(lib_a-strlen-stub.o)
                0x0000000010007c10                strlen
 .text.__register_exitproc
                0x0000000010007c6c       0xb0 /usr/lib/gcc/arm-none-eabi/11.2.0/../../../../arm-none-eabi/lib/thumb/v6-m/nofp/libg.a(lib_a-__atexit.o)
                0x0000000010007c6c                __register_exitproc
 .text.startup.register_fini
                0x0000000010007d1c       0x18 /usr/lib/gcc/arm-none-eabi/11.2.0/../../../../arm-none-eabi/lib/thumb/v6-m/nofp/libg.a(lib_a-__call_atexit.o)
 .text._malloc_trim_r
                0x0000000010007d34       0x9c /usr/lib/gcc/arm-none-eabi/11.2.0/../../../../arm-none-eabi/lib/thumb/v6-m/nofp/libg.a(lib_a-freer.o)
                0x0000000010007d34                _malloc_trim_r
 .text._free_r  0x0000000010007dd0      0x1dc /usr/lib/gcc/arm-none-eabi/11.2.0/../../../../arm-none-eabi/lib/thumb/v6-m/nofp/libg.a(lib_a-freer.o)
                0x0000000010007dd0                _free_r
 .text.__retarget_lock_acquire_recursive
                0x0000000010007fac        0x4 /usr/lib/gcc/arm-none-eabi/11.2.0/../../../../arm-none-eabi/lib/thumb/v6-m/nofp/libg.a(lib_a-lock.o)
                0x0000000010007fac                __retarget_lock_acquire_recursive
 .text.__retarget_lock_release_recursive
                0x0000000010007fb0        0x4 /usr/lib/gcc/arm-none-eabi/11.2.0/../../../../arm-none-eabi/lib/thumb/v6-m/nofp/libg.a(lib_a-lock.o)
                0x0000000010007fb0                __retarget_lock_release_recursive
 *(.fini)
 .fini          0x0000000010007fb4        0x4 /usr/lib/gcc/arm-none-eabi/11.2.0/thumb/v6-m/nofp/crti.o
                0x0000000010007fb4                _fini
 .fini.__stub   0x0000000010007fb8       0x70 linker stubs
 *crtbegin.o(.ctors)
 *crtbegin?.o(.ctors)
 *(EXCLUDE_FILE(*crtend.o *crtend?.o) .ctors)
 *(SORT_BY_NAME(.ctors.*))
 *(.ctors)
 *crtbegin.o(.dtors)
 *crtbegin?.o(.dtors)
 *(EXCLUDE_FILE(*crtend.o *crtend?.o) .dtors)
 *(SORT_BY_NAME(.dtors.*))
 *(.dtors)
 *(.eh_frame*)
 .eh_frame      0x0000000010008028        0x0 /usr/lib/gcc/arm-none-eabi/11.2.0/thumb/v6-m/nofp/crtbegin.o
                0x0000000010008028                . = ALIGN (0x4)

.glue_7         0x0000000010008028        0x0
 .glue_7        0x0000000010008028        0x0 linker stubs

.glue_7t        0x0000000010008028        0x0
 .glue_7t       0x0000000010008028        0x0 linker stubs

.vfp11_veneer   0x0000000010008028        0x0
 .vfp11_veneer  0x0000000010008028        0x0 linker stubs

.v4_bx          0x0000000010008028        0x0
 .v4_bx         0x0000000010008028        0x0 linker stubs

.iplt           0x0000000010008028        0x0
 .iplt          0x0000000010008028        0x0 /usr/lib/gcc/arm-none-eabi/11.2.0/thumb/v6-m/nofp/crtbegin.o

.rodata         0x0000000010008028     0x1704
 *(EXCLUDE_FILE(*libm.a: *libc.a:*lib_a-mem*.o *libgcc.a:) .rodata*)
 .rodata.first_option.str1.4
                0x0000000010008028       0x14 CMakeFiles/Assignment_2.dir/menu.c.obj
 .rodata.second_option.str1.4
                0x000000001000803c        0x3 CMakeFiles/Assignment_2.dir/menu.c.obj
 *fill*         0x000000001000803f        0x1 
 .rodata.update_selection.str1.4
                0x0000000010008040       0x1f CMakeFiles/Assignment_2.dir/menu.c.obj
 *fill*         0x000000001000805f        0x1 
 .rodata.generate_menus.str1.4
                0x0000000010008060       0x1b CMakeFiles/Assignment_2.dir/menu.c.obj
 *fill*         0x000000001000807b        0x1 
 .rodata.draw_menu.str1.4
                0x000000001000807c       0x6a CMakeFiles/Assignment_2.dir/menu.c.obj
 *fill*         0x00000000100080e6        0x2 
 .rodata.str1.4
                0x00000000100080e8       0x57 CMakeFiles/Assignment_2.dir/menu.c.obj
 *fill*         0x000000001000813f        0x1 
 .rodata        0x0000000010008140       0x30 CMakeFiles/Assignment_2.dir/menu.c.obj
 .rodata.term_data_esc_prefix
                0x0000000010008170        0x2 CMakeFiles/Assignment_2.dir/menu.c.obj
 *fill*         0x0000000010008172        0x2 
 .rodata.spin_lock_claim_unused.str1.4
                0x0000000010008174       0x1b CMakeFiles/Assignment_2.dir/home/tim/SDKs/pico-sdk/src/rp2_common/hardware_sync/sync.c.obj
 *fill*         0x000000001000818f        0x1 
 .rodata.repeating_timer_callback.str1.4
                0x0000000010008190       0x48 CMakeFiles/Assignment_2.dir/home/tim/SDKs/pico-sdk/src/common/pico_time/time.c.obj
 .rodata.alarm_pool_dump_key.str1.4
                0x00000000100081d8       0x33 CMakeFiles/Assignment_2.dir/home/tim/SDKs/pico-sdk/src/common/pico_time/time.c.obj
 *fill*         0x000000001000820b        0x1 
 .rodata.ph_add_child_node.str1.4
                0x000000001000820c       0x92 CMakeFiles/Assignment_2.dir/home/tim/SDKs/pico-sdk/src/common/pico_time/time.c.obj
 *fill*         0x000000001000829e        0x2 
 .rodata.add_alarm_under_lock.str1.4
                0x00000000100082a0       0x28 CMakeFiles/Assignment_2.dir/home/tim/SDKs/pico-sdk/src/common/pico_time/time.c.obj
                                         0x2b (size before relaxing)
 .rodata.alarm_pool_alarm_callback.str1.4
                0x00000000100082c8       0xe2 CMakeFiles/Assignment_2.dir/home/tim/SDKs/pico-sdk/src/common/pico_time/time.c.obj
 *fill*         0x00000000100083aa        0x2 
 .rodata.alarm_pool_get_default.str1.4
                0x00000000100083ac       0x21 CMakeFiles/Assignment_2.dir/home/tim/SDKs/pico-sdk/src/common/pico_time/time.c.obj
 *fill*         0x00000000100083cd        0x3 
 .rodata.alarm_pool_cancel_alarm.str1.4
                0x00000000100083d0       0x27 CMakeFiles/Assignment_2.dir/home/tim/SDKs/pico-sdk/src/common/pico_time/time.c.obj
 *fill*         0x00000000100083f7        0x1 
 .rodata.__func__.1
                0x00000000100083f8       0x18 CMakeFiles/Assignment_2.dir/home/tim/SDKs/pico-sdk/src/common/pico_time/time.c.obj
 .rodata.__func__.10
                0x0000000010008410       0x15 CMakeFiles/Assignment_2.dir/home/tim/SDKs/pico-sdk/src/common/pico_time/time.c.obj
 *fill*         0x0000000010008425        0x3 
 .rodata.__func__.11
                0x0000000010008428       0x1a CMakeFiles/Assignment_2.dir/home/tim/SDKs/pico-sdk/src/common/pico_time/time.c.obj
 *fill*         0x0000000010008442        0x2 
 .rodata.__func__.12
                0x0000000010008444        0xa CMakeFiles/Assignment_2.dir/home/tim/SDKs/pico-sdk/src/common/pico_time/time.c.obj
 *fill*         0x000000001000844e        0x2 
 .rodata.__func__.3
                0x0000000010008450       0x17 CMakeFiles/Assignment_2.dir/home/tim/SDKs/pico-sdk/src/common/pico_time/time.c.obj
 *fill*         0x0000000010008467        0x1 
 .rodata.__func__.4
                0x0000000010008468       0x12 CMakeFiles/Assignment_2.dir/home/tim/SDKs/pico-sdk/src/common/pico_time/time.c.obj
 *fill*         0x000000001000847a        0x2 
 .rodata.__func__.5
                0x000000001000847c        0xd CMakeFiles/Assignment_2.dir/home/tim/SDKs/pico-sdk/src/common/pico_time/time.c.obj
 *fill*         0x0000000010008489        0x3 
 .rodata.__func__.6
                0x000000001000848c       0x12 CMakeFiles/Assignment_2.dir/home/tim/SDKs/pico-sdk/src/common/pico_time/time.c.obj
 *fill*         0x000000001000849e        0x2 
 .rodata.__func__.7
                0x00000000100084a0        0xf CMakeFiles/Assignment_2.dir/home/tim/SDKs/pico-sdk/src/common/pico_time/time.c.obj
 *fill*         0x00000000100084af        0x1 
 .rodata.__func__.8
                0x00000000100084b0        0xc CMakeFiles/Assignment_2.dir/home/tim/SDKs/pico-sdk/src/common/pico_time/time.c.obj
 .rodata.__func__.9
                0x00000000100084bc       0x15 CMakeFiles/Assignment_2.dir/home/tim/SDKs/pico-sdk/src/common/pico_time/time.c.obj
 *fill*         0x00000000100084d1        0x3 
 .rodata.hardware_alarm_claim.str1.4
                0x00000000100084d4       0x22 CMakeFiles/Assignment_2.dir/home/tim/SDKs/pico-sdk/src/rp2_common/hardware_timer/timer.c.obj
 *fill*         0x00000000100084f6        0x2 
 .rodata.hardware_alarm_set_target.str1.4
                0x00000000100084f8       0x62 CMakeFiles/Assignment_2.dir/home/tim/SDKs/pico-sdk/src/rp2_common/hardware_timer/timer.c.obj
 *fill*         0x000000001000855a        0x2 
 .rodata.__func__.0
                0x000000001000855c       0x1a CMakeFiles/Assignment_2.dir/home/tim/SDKs/pico-sdk/src/rp2_common/hardware_timer/timer.c.obj
 *fill*         0x0000000010008576        0x2 
 .rodata.str1.4
                0x0000000010008578       0xb1 CMakeFiles/Assignment_2.dir/home/tim/SDKs/pico-sdk/src/common/pico_sync/mutex.c.obj
                                        0x111 (size before relaxing)
 *fill*         0x0000000010008629        0x3 
 .rodata.__func__.0
                0x000000001000862c        0xb CMakeFiles/Assignment_2.dir/home/tim/SDKs/pico-sdk/src/common/pico_sync/mutex.c.obj
 *fill*         0x0000000010008637        0x1 
 .rodata.__func__.1
                0x0000000010008638       0x18 CMakeFiles/Assignment_2.dir/home/tim/SDKs/pico-sdk/src/common/pico_sync/mutex.c.obj
 .rodata.__func__.2
                0x0000000010008650       0x15 CMakeFiles/Assignment_2.dir/home/tim/SDKs/pico-sdk/src/common/pico_sync/mutex.c.obj
 *fill*         0x0000000010008665        0x3 
 .rodata.__func__.3
                0x0000000010008668       0x15 CMakeFiles/Assignment_2.dir/home/tim/SDKs/pico-sdk/src/common/pico_sync/mutex.c.obj
 .rodata.ph_add_child_node.str1.4
                0x000000001000867d       0x92 CMakeFiles/Assignment_2.dir/home/tim/SDKs/pico-sdk/src/common/pico_util/pheap.c.obj
 *fill*         0x000000001000867d        0x3 
 .rodata.ph_remove_any_head.str1.4
                0x0000000010008680       0x8c CMakeFiles/Assignment_2.dir/home/tim/SDKs/pico-sdk/src/common/pico_util/pheap.c.obj
 .rodata.ph_remove_and_free_node.str1.4
                0x000000001000870c       0x26 CMakeFiles/Assignment_2.dir/home/tim/SDKs/pico-sdk/src/common/pico_util/pheap.c.obj
 *fill*         0x0000000010008732        0x2 
 .rodata.__func__.0
                0x0000000010008734       0x18 CMakeFiles/Assignment_2.dir/home/tim/SDKs/pico-sdk/src/common/pico_util/pheap.c.obj
 .rodata.__func__.1
                0x000000001000874c       0x13 CMakeFiles/Assignment_2.dir/home/tim/SDKs/pico-sdk/src/common/pico_util/pheap.c.obj
 *fill*         0x000000001000875f        0x1 
 .rodata.__func__.2
                0x0000000010008760       0x12 CMakeFiles/Assignment_2.dir/home/tim/SDKs/pico-sdk/src/common/pico_util/pheap.c.obj
 *fill*         0x0000000010008772        0x2 
 .rodata.__func__.3
                0x0000000010008774        0xc CMakeFiles/Assignment_2.dir/home/tim/SDKs/pico-sdk/src/common/pico_util/pheap.c.obj
 .rodata.__assert_func.str1.4
                0x0000000010008780       0x3f CMakeFiles/Assignment_2.dir/home/tim/SDKs/pico-sdk/src/rp2_common/pico_runtime/runtime.c.obj
                                         0x43 (size before relaxing)
 *fill*         0x00000000100087bf        0x1 
 .rodata.panic.str1.4
                0x00000000100087c0       0x10 CMakeFiles/Assignment_2.dir/home/tim/SDKs/pico-sdk/src/rp2_common/pico_runtime/runtime.c.obj
                                         0x12 (size before relaxing)
 .rodata.clock_configure.str1.4
                0x00000000100087d0       0x54 CMakeFiles/Assignment_2.dir/home/tim/SDKs/pico-sdk/src/rp2_common/hardware_clocks/clocks.c.obj
 .rodata.__func__.1
                0x0000000010008824       0x10 CMakeFiles/Assignment_2.dir/home/tim/SDKs/pico-sdk/src/rp2_common/hardware_clocks/clocks.c.obj
 .rodata.make_branch.str1.4
                0x0000000010008834       0x4a CMakeFiles/Assignment_2.dir/home/tim/SDKs/pico-sdk/src/rp2_common/hardware_irq/irq.c.obj
 *fill*         0x000000001000887e        0x2 
 .rodata.irq_set_exclusive_handler.str1.4
                0x0000000010008880       0x36 CMakeFiles/Assignment_2.dir/home/tim/SDKs/pico-sdk/src/rp2_common/hardware_irq/irq.c.obj
 *fill*         0x00000000100088b6        0x2 
 .rodata.irq_add_shared_handler.str1.4
                0x00000000100088b8       0xd9 CMakeFiles/Assignment_2.dir/home/tim/SDKs/pico-sdk/src/rp2_common/hardware_irq/irq.c.obj
 *fill*         0x0000000010008991        0x3 
 .rodata.irq_remove_handler.str1.4
                0x0000000010008994       0x2a CMakeFiles/Assignment_2.dir/home/tim/SDKs/pico-sdk/src/rp2_common/hardware_irq/irq.c.obj
 *fill*         0x00000000100089be        0x2 
 .rodata.irq_add_tail_to_free_list.str1.4
                0x00000000100089c0       0x32 CMakeFiles/Assignment_2.dir/home/tim/SDKs/pico-sdk/src/rp2_common/hardware_irq/irq.c.obj
                                         0x3a (size before relaxing)
 *fill*         0x00000000100089f2        0x2 
 .rodata.__func__.0
                0x00000000100089f4       0x1a CMakeFiles/Assignment_2.dir/home/tim/SDKs/pico-sdk/src/rp2_common/hardware_irq/irq.c.obj
 *fill*         0x0000000010008a0e        0x2 
 .rodata.__func__.1
                0x0000000010008a10       0x17 CMakeFiles/Assignment_2.dir/home/tim/SDKs/pico-sdk/src/rp2_common/hardware_irq/irq.c.obj
 *fill*         0x0000000010008a27        0x1 
 .rodata.__func__.2
                0x0000000010008a28       0x13 CMakeFiles/Assignment_2.dir/home/tim/SDKs/pico-sdk/src/rp2_common/hardware_irq/irq.c.obj
 *fill*         0x0000000010008a3b        0x1 
 .rodata.__func__.3
                0x0000000010008a3c        0xc CMakeFiles/Assignment_2.dir/home/tim/SDKs/pico-sdk/src/rp2_common/hardware_irq/irq.c.obj
 .rodata.__func__.4
                0x0000000010008a48        0xf CMakeFiles/Assignment_2.dir/home/tim/SDKs/pico-sdk/src/rp2_common/hardware_irq/irq.c.obj
 *fill*         0x0000000010008a57        0x1 
 .rodata.__func__.6
                0x0000000010008a58       0x1a CMakeFiles/Assignment_2.dir/home/tim/SDKs/pico-sdk/src/rp2_common/hardware_irq/irq.c.obj
 *fill*         0x0000000010008a72        0x2 
 .rodata.pll_init.str1.4
                0x0000000010008a74       0xd7 CMakeFiles/Assignment_2.dir/home/tim/SDKs/pico-sdk/src/rp2_common/hardware_pll/pll.c.obj
 *fill*         0x0000000010008b4b        0x1 
 .rodata.__func__.0
                0x0000000010008b4c        0x9 CMakeFiles/Assignment_2.dir/home/tim/SDKs/pico-sdk/src/rp2_common/hardware_pll/pll.c.obj
 *fill*         0x0000000010008b55        0x3 
 .rodata._ftoa.str1.4
                0x0000000010008b58       0x15 CMakeFiles/Assignment_2.dir/home/tim/SDKs/pico-sdk/src/rp2_common/pico_printf/printf.c.obj
 *fill*         0x0000000010008b6d        0x3 
 .rodata._vsnprintf
                0x0000000010008b70      0x19c CMakeFiles/Assignment_2.dir/home/tim/SDKs/pico-sdk/src/rp2_common/pico_printf/printf.c.obj
 *fill*         0x0000000010008d0c        0x4 
 .rodata.pow10.0
                0x0000000010008d10       0x50 CMakeFiles/Assignment_2.dir/home/tim/SDKs/pico-sdk/src/rp2_common/pico_printf/printf.c.obj
 .rodata.__aeabi_double_init.str1.4
                0x0000000010008d60       0xa5 CMakeFiles/Assignment_2.dir/home/tim/SDKs/pico-sdk/src/rp2_common/pico_double/double_init_rom.c.obj
 *fill*         0x0000000010008e05        0x3 
 .rodata.__func__.0
                0x0000000010008e08       0x14 CMakeFiles/Assignment_2.dir/home/tim/SDKs/pico-sdk/src/rp2_common/pico_double/double_init_rom.c.obj
 .rodata.__aeabi_float_init.str1.4
                0x0000000010008e1c       0x77 CMakeFiles/Assignment_2.dir/home/tim/SDKs/pico-sdk/src/rp2_common/pico_float/float_init_rom.c.obj
                                         0x7b (size before relaxing)
 *fill*         0x0000000010008e93        0x1 
 .rodata.__func__.0
                0x0000000010008e94       0x13 CMakeFiles/Assignment_2.dir/home/tim/SDKs/pico-sdk/src/rp2_common/pico_float/float_init_rom.c.obj
 *fill*         0x0000000010008ea7        0x1 
 .rodata.__wrap_malloc.str1.4
                0x0000000010008ea8        0xe CMakeFiles/Assignment_2.dir/home/tim/SDKs/pico-sdk/src/rp2_common/pico_malloc/pico_malloc.c.obj
 *fill*         0x0000000010008eb6        0x2 
 .rodata.str1.4
                0x0000000010008eb8       0x44 CMakeFiles/Assignment_2.dir/home/tim/SDKs/pico-sdk/src/rp2_common/pico_standard_link/binary_info.c.obj
 .rodata.__bi_44
                0x0000000010008efc        0xc CMakeFiles/Assignment_2.dir/home/tim/SDKs/pico-sdk/src/rp2_common/pico_standard_link/binary_info.c.obj
 .rodata.__bi_75
                0x0000000010008f08        0xc CMakeFiles/Assignment_2.dir/home/tim/SDKs/pico-sdk/src/rp2_common/pico_standard_link/binary_info.c.obj
 .rodata.__bi_81
                0x0000000010008f14        0xc CMakeFiles/Assignment_2.dir/home/tim/SDKs/pico-sdk/src/rp2_common/pico_standard_link/binary_info.c.obj
 .rodata.crlf_str.3
                0x0000000010008f20        0x2 CMakeFiles/Assignment_2.dir/home/tim/SDKs/pico-sdk/src/rp2_common/pico_stdio/stdio.c.obj
 *fill*         0x0000000010008f22        0x2 
 .rodata.str1.4
                0x0000000010008f24       0x2c CMakeFiles/Assignment_2.dir/home/tim/SDKs/pico-sdk/src/rp2_common/pico_stdio_uart/stdio_uart.c.obj
 .rodata.__bi_28.4
                0x0000000010008f50        0xc CMakeFiles/Assignment_2.dir/home/tim/SDKs/pico-sdk/src/rp2_common/pico_stdio_uart/stdio_uart.c.obj
 .rodata.__bi_29.5
                0x0000000010008f5c        0x8 CMakeFiles/Assignment_2.dir/home/tim/SDKs/pico-sdk/src/rp2_common/pico_stdio_uart/stdio_uart.c.obj
 .rodata._resetd_driver
                0x0000000010008f64       0x18 CMakeFiles/Assignment_2.dir/home/tim/SDKs/pico-sdk/src/rp2_common/pico_stdio_usb/reset_interface.c.obj
 .rodata.stdio_usb_init.str1.4
                0x0000000010008f7c       0x5e CMakeFiles/Assignment_2.dir/home/tim/SDKs/pico-sdk/src/rp2_common/pico_stdio_usb/stdio_usb.c.obj
 .rodata.str1.4
                0x0000000010008f7c       0x13 CMakeFiles/Assignment_2.dir/home/tim/SDKs/pico-sdk/src/rp2_common/pico_stdio_usb/stdio_usb.c.obj
 *fill*         0x0000000010008f8f        0x1 
 .rodata.__bi_93.1
                0x0000000010008f90        0xc CMakeFiles/Assignment_2.dir/home/tim/SDKs/pico-sdk/src/rp2_common/pico_stdio_usb/stdio_usb.c.obj
 .rodata.__func__.0
                0x0000000010008f9c       0x15 CMakeFiles/Assignment_2.dir/home/tim/SDKs/pico-sdk/src/rp2_common/pico_stdio_usb/stdio_usb.c.obj
 *fill*         0x0000000010008fb1        0x3 
 .rodata.str1.4
                0x0000000010008fb4       0x2a CMakeFiles/Assignment_2.dir/home/tim/SDKs/pico-sdk/src/rp2_common/pico_stdio_usb/stdio_usb_descriptors.c.obj
 *fill*         0x0000000010008fde        0x2 
 .rodata.usbd_desc_cfg
                0x0000000010008fe0       0x54 CMakeFiles/Assignment_2.dir/home/tim/SDKs/pico-sdk/src/rp2_common/pico_stdio_usb/stdio_usb_descriptors.c.obj
 .rodata.usbd_desc_device
                0x0000000010009034       0x12 CMakeFiles/Assignment_2.dir/home/tim/SDKs/pico-sdk/src/rp2_common/pico_stdio_usb/stdio_usb_descriptors.c.obj
 *fill*         0x0000000010009046        0x2 
 .rodata.usbd_desc_str
                0x0000000010009048       0x18 CMakeFiles/Assignment_2.dir/home/tim/SDKs/pico-sdk/src/rp2_common/pico_stdio_usb/stdio_usb_descriptors.c.obj
 .rodata._hw_endpoint_alloc.str1.4
                0x0000000010009060       0xb5 CMakeFiles/Assignment_2.dir/home/tim/SDKs/pico-sdk/lib/tinyusb/src/portable/raspberrypi/rp2040/dcd_rp2040.c.obj
 *fill*         0x0000000010009115        0x3 
 .rodata._hw_endpoint_init.str1.4
                0x0000000010009118       0x28 CMakeFiles/Assignment_2.dir/home/tim/SDKs/pico-sdk/lib/tinyusb/src/portable/raspberrypi/rp2040/dcd_rp2040.c.obj
 .rodata.hw_handle_buff_status.str1.4
                0x0000000010009140        0xb CMakeFiles/Assignment_2.dir/home/tim/SDKs/pico-sdk/lib/tinyusb/src/portable/raspberrypi/rp2040/dcd_rp2040.c.obj
 *fill*         0x000000001000914b        0x1 
 .rodata.dcd_rp2040_irq.str1.4
                0x000000001000914c       0x14 CMakeFiles/Assignment_2.dir/home/tim/SDKs/pico-sdk/lib/tinyusb/src/portable/raspberrypi/rp2040/dcd_rp2040.c.obj
 .rodata._hw_endpoint_stall.str1.4
                0x0000000010009160        0xd CMakeFiles/Assignment_2.dir/home/tim/SDKs/pico-sdk/lib/tinyusb/src/portable/raspberrypi/rp2040/dcd_rp2040.c.obj
 *fill*         0x000000001000916d        0x3 
 .rodata.dcd_int_enable.str1.4
                0x0000000010009170        0xc CMakeFiles/Assignment_2.dir/home/tim/SDKs/pico-sdk/lib/tinyusb/src/portable/raspberrypi/rp2040/dcd_rp2040.c.obj
 .rodata.__func__.0
                0x000000001000917c       0x15 CMakeFiles/Assignment_2.dir/home/tim/SDKs/pico-sdk/lib/tinyusb/src/portable/raspberrypi/rp2040/dcd_rp2040.c.obj
 *fill*         0x0000000010009191        0x3 
 .rodata.__func__.1
                0x0000000010009194       0x13 CMakeFiles/Assignment_2.dir/home/tim/SDKs/pico-sdk/lib/tinyusb/src/portable/raspberrypi/rp2040/dcd_rp2040.c.obj
 *fill*         0x00000000100091a7        0x1 
 .rodata.__func__.11
                0x00000000100091a8        0xf CMakeFiles/Assignment_2.dir/home/tim/SDKs/pico-sdk/lib/tinyusb/src/portable/raspberrypi/rp2040/dcd_rp2040.c.obj
 *fill*         0x00000000100091b7        0x1 
 .rodata.__func__.12
                0x00000000100091b8       0x13 CMakeFiles/Assignment_2.dir/home/tim/SDKs/pico-sdk/lib/tinyusb/src/portable/raspberrypi/rp2040/dcd_rp2040.c.obj
 *fill*         0x00000000100091cb        0x1 
 .rodata.__func__.13
                0x00000000100091cc       0x16 CMakeFiles/Assignment_2.dir/home/tim/SDKs/pico-sdk/lib/tinyusb/src/portable/raspberrypi/rp2040/dcd_rp2040.c.obj
 *fill*         0x00000000100091e2        0x2 
 .rodata.__func__.14
                0x00000000100091e4        0x9 CMakeFiles/Assignment_2.dir/home/tim/SDKs/pico-sdk/lib/tinyusb/src/portable/raspberrypi/rp2040/dcd_rp2040.c.obj
 *fill*         0x00000000100091ed        0x3 
 .rodata.__func__.2
                0x00000000100091f0        0xf CMakeFiles/Assignment_2.dir/home/tim/SDKs/pico-sdk/lib/tinyusb/src/portable/raspberrypi/rp2040/dcd_rp2040.c.obj
 *fill*         0x00000000100091ff        0x1 
 .rodata.__func__.3
                0x0000000010009200        0xe CMakeFiles/Assignment_2.dir/home/tim/SDKs/pico-sdk/lib/tinyusb/src/portable/raspberrypi/rp2040/dcd_rp2040.c.obj
 *fill*         0x000000001000920e        0x2 
 .rodata.__func__.4
                0x0000000010009210        0xe CMakeFiles/Assignment_2.dir/home/tim/SDKs/pico-sdk/lib/tinyusb/src/portable/raspberrypi/rp2040/dcd_rp2040.c.obj
 *fill*         0x000000001000921e        0x2 
 .rodata.__func__.5
                0x0000000010009220       0x1a CMakeFiles/Assignment_2.dir/home/tim/SDKs/pico-sdk/lib/tinyusb/src/portable/raspberrypi/rp2040/dcd_rp2040.c.obj
 *fill*         0x000000001000923a        0x2 
 .rodata.__func__.6
                0x000000001000923c        0xc CMakeFiles/Assignment_2.dir/home/tim/SDKs/pico-sdk/lib/tinyusb/src/portable/raspberrypi/rp2040/dcd_rp2040.c.obj
 .rodata.__func__.9
                0x0000000010009248       0x10 CMakeFiles/Assignment_2.dir/home/tim/SDKs/pico-sdk/lib/tinyusb/src/portable/raspberrypi/rp2040/dcd_rp2040.c.obj
 .rodata._hw_endpoint_buffer_control_update32.str1.4
                0x0000000010009258       0x1f CMakeFiles/Assignment_2.dir/home/tim/SDKs/pico-sdk/lib/tinyusb/src/portable/raspberrypi/rp2040/rp2040_usb.c.obj
 *fill*         0x0000000010009277        0x1 
 .rodata._hw_endpoint_xfer_sync.str1.4
                0x0000000010009278       0x91 CMakeFiles/Assignment_2.dir/home/tim/SDKs/pico-sdk/lib/tinyusb/src/portable/raspberrypi/rp2040/rp2040_usb.c.obj
 *fill*         0x0000000010009309        0x3 
 .rodata._hw_endpoint_xfer_continue.str1.4
                0x000000001000930c       0x50 CMakeFiles/Assignment_2.dir/home/tim/SDKs/pico-sdk/lib/tinyusb/src/portable/raspberrypi/rp2040/rp2040_usb.c.obj
 .rodata._hw_endpoint_xfer.str1.4
                0x000000001000935c        0xf CMakeFiles/Assignment_2.dir/home/tim/SDKs/pico-sdk/lib/tinyusb/src/portable/raspberrypi/rp2040/rp2040_usb.c.obj
 .rodata.str1.4
                0x000000001000936b        0xf CMakeFiles/Assignment_2.dir/home/tim/SDKs/pico-sdk/lib/tinyusb/src/portable/raspberrypi/rp2040/rp2040_usb.c.obj
                                          0x7 (size before relaxing)
 *fill*         0x000000001000936b        0x1 
 .rodata.__func__.0
                0x000000001000936c       0x12 CMakeFiles/Assignment_2.dir/home/tim/SDKs/pico-sdk/lib/tinyusb/src/portable/raspberrypi/rp2040/rp2040_usb.c.obj
 *fill*         0x000000001000937e        0x2 
 .rodata.__func__.1
                0x0000000010009380       0x17 CMakeFiles/Assignment_2.dir/home/tim/SDKs/pico-sdk/lib/tinyusb/src/portable/raspberrypi/rp2040/rp2040_usb.c.obj
 *fill*         0x0000000010009397        0x1 
 .rodata.process_set_config.str1.4
                0x0000000010009398       0x17 CMakeFiles/Assignment_2.dir/home/tim/SDKs/pico-sdk/lib/tinyusb/src/device/usbd.c.obj
 *fill*         0x00000000100093af        0x1 
 .rodata.process_get_descriptor
                0x00000000100093b0       0x40 CMakeFiles/Assignment_2.dir/home/tim/SDKs/pico-sdk/lib/tinyusb/src/device/usbd.c.obj
 .rodata.process_control_request
                0x00000000100093f0       0x28 CMakeFiles/Assignment_2.dir/home/tim/SDKs/pico-sdk/lib/tinyusb/src/device/usbd.c.obj
 .rodata.tud_task
                0x0000000010009418       0x24 CMakeFiles/Assignment_2.dir/home/tim/SDKs/pico-sdk/lib/tinyusb/src/device/usbd.c.obj
 .rodata.__func__.2
                0x000000001000943c        0xf CMakeFiles/Assignment_2.dir/home/tim/SDKs/pico-sdk/lib/tinyusb/src/device/usbd.c.obj
 *fill*         0x000000001000944b        0x1 
 .rodata.__func__.3
                0x000000001000944c        0xf CMakeFiles/Assignment_2.dir/home/tim/SDKs/pico-sdk/lib/tinyusb/src/device/usbd.c.obj
 *fill*         0x000000001000945b        0x1 
 .rodata.__func__.4
                0x000000001000945c       0x14 CMakeFiles/Assignment_2.dir/home/tim/SDKs/pico-sdk/lib/tinyusb/src/device/usbd.c.obj
 .rodata.__func__.5
                0x0000000010009470       0x10 CMakeFiles/Assignment_2.dir/home/tim/SDKs/pico-sdk/lib/tinyusb/src/device/usbd.c.obj
 .rodata.__func__.6
                0x0000000010009480       0x17 CMakeFiles/Assignment_2.dir/home/tim/SDKs/pico-sdk/lib/tinyusb/src/device/usbd.c.obj
 *fill*         0x0000000010009497        0x1 
 .rodata.__func__.7
                0x0000000010009498       0x13 CMakeFiles/Assignment_2.dir/home/tim/SDKs/pico-sdk/lib/tinyusb/src/device/usbd.c.obj
 *fill*         0x00000000100094ab        0x1 
 .rodata.__func__.8
                0x00000000100094ac       0x18 CMakeFiles/Assignment_2.dir/home/tim/SDKs/pico-sdk/lib/tinyusb/src/device/usbd.c.obj
 .rodata.__func__.9
                0x00000000100094c4        0x9 CMakeFiles/Assignment_2.dir/home/tim/SDKs/pico-sdk/lib/tinyusb/src/device/usbd.c.obj
 *fill*         0x00000000100094cd        0x3 
 .rodata._usbd_driver
                0x00000000100094d0       0x18 CMakeFiles/Assignment_2.dir/home/tim/SDKs/pico-sdk/lib/tinyusb/src/device/usbd.c.obj
 .rodata.tud_control_xfer.str1.4
                0x00000000100094e8       0x17 CMakeFiles/Assignment_2.dir/home/tim/SDKs/pico-sdk/lib/tinyusb/src/device/usbd_control.c.obj
 .rodata.__func__.0
                0x00000000100094e8       0x15 CMakeFiles/Assignment_2.dir/home/tim/SDKs/pico-sdk/lib/tinyusb/src/device/usbd_control.c.obj
 *fill*         0x00000000100094fd        0x3 
 .rodata.__func__.1
                0x0000000010009500       0x11 CMakeFiles/Assignment_2.dir/home/tim/SDKs/pico-sdk/lib/tinyusb/src/device/usbd_control.c.obj
 .rodata.tud_cdc_n_write_flush.str1.4
                0x0000000010009511       0x17 CMakeFiles/Assignment_2.dir/home/tim/SDKs/pico-sdk/lib/tinyusb/src/class/cdc/cdc_device.c.obj
 *fill*         0x0000000010009511        0x3 
 .rodata.__func__.0
                0x0000000010009514        0xd CMakeFiles/Assignment_2.dir/home/tim/SDKs/pico-sdk/lib/tinyusb/src/class/cdc/cdc_device.c.obj
 *fill*         0x0000000010009521        0x3 
 .rodata.__func__.1
                0x0000000010009524        0xa CMakeFiles/Assignment_2.dir/home/tim/SDKs/pico-sdk/lib/tinyusb/src/class/cdc/cdc_device.c.obj
 *fill*         0x000000001000952e        0x2 
 .rodata.__func__.2
                0x0000000010009530       0x16 CMakeFiles/Assignment_2.dir/home/tim/SDKs/pico-sdk/lib/tinyusb/src/class/cdc/cdc_device.c.obj
 .rodata.tusb_init.str1.4
                0x0000000010009546       0x17 CMakeFiles/Assignment_2.dir/home/tim/SDKs/pico-sdk/lib/tinyusb/src/tusb.c.obj
 *fill*         0x0000000010009546        0x2 
 .rodata.__func__.0